<html>
<body>
<pre>
<h1>µVision Build Log</h1>
<h2>Tool Versions:</h2>
IDE-Version: µVision V5.37.0.0
Copyright (C) 2022 ARM Ltd and ARM Germany GmbH. All rights reserved.
License Information: Youssef Youssef, Student, LIC=----
 
Tool Versions:
Toolchain:       MDK-Lite  Version: 5.37.0.0
Toolchain Path:  C:\Keil_v5\ARM\ARMCLANG\Bin
C Compiler:      ArmClang.exe V6.18
Assembler:       Armasm.exe V6.18
Linker/Locator:  ArmLink.exe V6.18
Library Manager: ArmAr.exe V6.18
Hex Converter:   FromElf.exe V6.18
CPU DLL:         SARMCM3.DLL V5.37.0.0
Dialog DLL:      DCM.DLL V1.17.5.0
Target DLL:      UL2CM3.DLL V1.164.7.0
Dialog DLL:      TCM.DLL V1.56.1.0
 
<h2>Project:</h2>
D:\Engineering\Last Summer as Student\Udacity\Project1_Blinking LED\Blinking_LED_Udacity\Blinking_LED.uvprojx
Project File Date:  07/24/2022

<h2>Output:</h2>
*** Using Compiler 'V6.18', folder: 'C:\Keil_v5\ARM\ARMCLANG\Bin'
Build target 'Target 1'
HAL/Led.c(11): warning: In file included from...
./MCAL\Port.h(24): warning: In file included from...
./LIBRARIES\Std_Types.h(16): warning: In file included from...
./LIBRARIES/Platform_Types.h(62): warning: 'long long' is an extension when C99 mode is not enabled [-Wlong-long]
typedef unsigned long long    uint64;         /*       0..18446744073709551615  */
                 ^
./LIBRARIES/Platform_Types.h(63): warning: 'long long' is an extension when C99 mode is not enabled [-Wlong-long]
typedef signed long long      sint64;         /* -9223372036854775808 .. 9223372036854775807 */
               ^
HAL/Led.c(11): warning: In file included from...
./MCAL\Port.h(28): warning: In file included from...
./MCAL/Port_Cfg.h(63): warning: no newline at end of file [-Wnewline-eof]
#endif 
       ^
HAL/Led.c(11): warning: In file included from...
./MCAL\Port.h(32): warning: In file included from...
./MCAL/Port_Regs.h(45): warning: no newline at end of file [-Wnewline-eof]
#endif 
       ^
HAL/Led.c(11): warning: In file included from...
./MCAL\Port.h(76): warning: redefinition of typedef 'Port_PinType' is a C11 feature [-Wtypedef-redefinition]
typedef uint8 Port_PinType;
              ^
./MCAL\Port.h(60): note: previous definition is here
typedef uint8 Port_PinType;
              ^
HAL/Led.c(40): warning: unused variable 'state' [-Wunused-variable]
    Dio_LevelType state = Dio_FlipChannel(DioConf_LED1_CHANNEL_ID_INDEX);
                  ^
6 warnings generated.
compiling Led.c...
RTE/Device/TM4C123GH6PM/system_TM4C123.c(13): warning: In file included from...
C:/Users/Youssef/AppData/Local/Arm/Packs/Keil/TM4C_DFP/1.1.0/Device/Include/TM4C123\TM4C123.h(98): warning: In file included from...
C:/Users/Youssef/AppData/Local/Arm/Packs/Keil/TM4C_DFP/1.1.0/Device/Include/TM4C123/TM4C123GH6PM.h(298): warning: anonymous unions are a C11 extension [-Wc11-extensions]
  union {
  ^
C:/Users/Youssef/AppData/Local/Arm/Packs/Keil/TM4C_DFP/1.1.0/Device/Include/TM4C123/TM4C123GH6PM.h(338): warning: anonymous unions are a C11 extension [-Wc11-extensions]
  union {
  ^
C:/Users/Youssef/AppData/Local/Arm/Packs/Keil/TM4C_DFP/1.1.0/Device/Include/TM4C123/TM4C123GH6PM.h(357): warning: anonymous unions are a C11 extension [-Wc11-extensions]
  union {
  ^
C:/Users/Youssef/AppData/Local/Arm/Packs/Keil/TM4C_DFP/1.1.0/Device/Include/TM4C123/TM4C123GH6PM.h(713): warning: anonymous unions are a C11 extension [-Wc11-extensions]
  union {
  ^
C:/Users/Youssef/AppData/Local/Arm/Packs/Keil/TM4C_DFP/1.1.0/Device/Include/TM4C123/TM4C123GH6PM.h(729): warning: anonymous unions are a C11 extension [-Wc11-extensions]
  union {
  ^
C:/Users/Youssef/AppData/Local/Arm/Packs/Keil/TM4C_DFP/1.1.0/Device/Include/TM4C123/TM4C123GH6PM.h(774): warning: anonymous unions are a C11 extension [-Wc11-extensions]
  union {
  ^
C:/Users/Youssef/AppData/Local/Arm/Packs/Keil/TM4C_DFP/1.1.0/Device/Include/TM4C123/TM4C123GH6PM.h(779): warning: anonymous unions are a C11 extension [-Wc11-extensions]
  union {
  ^
C:/Users/Youssef/AppData/Local/Arm/Packs/Keil/TM4C_DFP/1.1.0/Device/Include/TM4C123/TM4C123GH6PM.h(872): warning: anonymous unions are a C11 extension [-Wc11-extensions]
  union {
  ^
C:/Users/Youssef/AppData/Local/Arm/Packs/Keil/TM4C_DFP/1.1.0/Device/Include/TM4C123/TM4C123GH6PM.h(885): warning: anonymous unions are a C11 extension [-Wc11-extensions]
  union {
  ^
C:/Users/Youssef/AppData/Local/Arm/Packs/Keil/TM4C_DFP/1.1.0/Device/Include/TM4C123/TM4C123GH6PM.h(892): warning: anonymous unions are a C11 extension [-Wc11-extensions]
  union {
  ^
C:/Users/Youssef/AppData/Local/Arm/Packs/Keil/TM4C_DFP/1.1.0/Device/Include/TM4C123/TM4C123GH6PM.h(897): warning: anonymous unions are a C11 extension [-Wc11-extensions]
  union {
  ^
C:/Users/Youssef/AppData/Local/Arm/Packs/Keil/TM4C_DFP/1.1.0/Device/Include/TM4C123/TM4C123GH6PM.h(904): warning: anonymous unions are a C11 extension [-Wc11-extensions]
  union {
  ^
C:/Users/Youssef/AppData/Local/Arm/Packs/Keil/TM4C_DFP/1.1.0/Device/Include/TM4C123/TM4C123GH6PM.h(910): warning: anonymous unions are a C11 extension [-Wc11-extensions]
  union {
  ^
C:/Users/Youssef/AppData/Local/Arm/Packs/Keil/TM4C_DFP/1.1.0/Device/Include/TM4C123/TM4C123GH6PM.h(917): warning: anonymous unions are a C11 extension [-Wc11-extensions]
  union {
  ^
C:/Users/Youssef/AppData/Local/Arm/Packs/Keil/TM4C_DFP/1.1.0/Device/Include/TM4C123/TM4C123GH6PM.h(924): warning: anonymous unions are a C11 extension [-Wc11-extensions]
  union {
  ^
C:/Users/Youssef/AppData/Local/Arm/Packs/Keil/TM4C_DFP/1.1.0/Device/Include/TM4C123/TM4C123GH6PM.h(929): warning: anonymous unions are a C11 extension [-Wc11-extensions]
  union {
  ^
C:/Users/Youssef/AppData/Local/Arm/Packs/Keil/TM4C_DFP/1.1.0/Device/Include/TM4C123/TM4C123GH6PM.h(936): warning: anonymous unions are a C11 extension [-Wc11-extensions]
  union {
  ^
C:/Users/Youssef/AppData/Local/Arm/Packs/Keil/TM4C_DFP/1.1.0/Device/Include/TM4C123/TM4C123GH6PM.h(942): warning: anonymous unions are a C11 extension [-Wc11-extensions]
  union {
  ^
C:/Users/Youssef/AppData/Local/Arm/Packs/Keil/TM4C_DFP/1.1.0/Device/Include/TM4C123/TM4C123GH6PM.h(949): warning: anonymous unions are a C11 extension [-Wc11-extensions]
  union {
  ^
C:/Users/Youssef/AppData/Local/Arm/Packs/Keil/TM4C_DFP/1.1.0/Device/Include/TM4C123/TM4C123GH6PM.h(956): warning: anonymous unions are a C11 extension [-Wc11-extensions]
  union {
  ^
C:/Users/Youssef/AppData/Local/Arm/Packs/Keil/TM4C_DFP/1.1.0/Device/Include/TM4C123/TM4C123GH6PM.h(961): warning: anonymous unions are a C11 extension [-Wc11-extensions]
  union {
  ^
C:/Users/Youssef/AppData/Local/Arm/Packs/Keil/TM4C_DFP/1.1.0/Device/Include/TM4C123/TM4C123GH6PM.h(968): warning: anonymous unions are a C11 extension [-Wc11-extensions]
  union {
  ^
C:/Users/Youssef/AppData/Local/Arm/Packs/Keil/TM4C_DFP/1.1.0/Device/Include/TM4C123/TM4C123GH6PM.h(974): warning: anonymous unions are a C11 extension [-Wc11-extensions]
  union {
  ^
C:/Users/Youssef/AppData/Local/Arm/Packs/Keil/TM4C_DFP/1.1.0/Device/Include/TM4C123/TM4C123GH6PM.h(981): warning: anonymous unions are a C11 extension [-Wc11-extensions]
  union {
  ^
C:/Users/Youssef/AppData/Local/Arm/Packs/Keil/TM4C_DFP/1.1.0/Device/Include/TM4C123/TM4C123GH6PM.h(988): warning: anonymous unions are a C11 extension [-Wc11-extensions]
  union {
  ^
C:/Users/Youssef/AppData/Local/Arm/Packs/Keil/TM4C_DFP/1.1.0/Device/Include/TM4C123/TM4C123GH6PM.h(993): warning: anonymous unions are a C11 extension [-Wc11-extensions]
  union {
  ^
C:/Users/Youssef/AppData/Local/Arm/Packs/Keil/TM4C_DFP/1.1.0/Device/Include/TM4C123/TM4C123GH6PM.h(1000): warning: anonymous unions are a C11 extension [-Wc11-extensions]
  union {
  ^
C:/Users/Youssef/AppData/Local/Arm/Packs/Keil/TM4C_DFP/1.1.0/Device/Include/TM4C123/TM4C123GH6PM.h(1006): warning: anonymous unions are a C11 extension [-Wc11-extensions]
  union {
  ^
C:/Users/Youssef/AppData/Local/Arm/Packs/Keil/TM4C_DFP/1.1.0/Device/Include/TM4C123/TM4C123GH6PM.h(1013): warning: anonymous unions are a C11 extension [-Wc11-extensions]
  union {
  ^
C:/Users/Youssef/AppData/Local/Arm/Packs/Keil/TM4C_DFP/1.1.0/Device/Include/TM4C123/TM4C123GH6PM.h(1020): warning: anonymous unions are a C11 extension [-Wc11-extensions]
  union {
  ^
C:/Users/Youssef/AppData/Local/Arm/Packs/Keil/TM4C_DFP/1.1.0/Device/Include/TM4C123/TM4C123GH6PM.h(1025): warning: anonymous unions are a C11 extension [-Wc11-extensions]
  union {
  ^
C:/Users/Youssef/AppData/Local/Arm/Packs/Keil/TM4C_DFP/1.1.0/Device/Include/TM4C123/TM4C123GH6PM.h(1032): warning: anonymous unions are a C11 extension [-Wc11-extensions]
  union {
  ^
C:/Users/Youssef/AppData/Local/Arm/Packs/Keil/TM4C_DFP/1.1.0/Device/Include/TM4C123/TM4C123GH6PM.h(1038): warning: anonymous unions are a C11 extension [-Wc11-extensions]
  union {
  ^
C:/Users/Youssef/AppData/Local/Arm/Packs/Keil/TM4C_DFP/1.1.0/Device/Include/TM4C123/TM4C123GH6PM.h(1045): warning: anonymous unions are a C11 extension [-Wc11-extensions]
  union {
  ^
C:/Users/Youssef/AppData/Local/Arm/Packs/Keil/TM4C_DFP/1.1.0/Device/Include/TM4C123/TM4C123GH6PM.h(1052): warning: anonymous unions are a C11 extension [-Wc11-extensions]
  union {
  ^
C:/Users/Youssef/AppData/Local/Arm/Packs/Keil/TM4C_DFP/1.1.0/Device/Include/TM4C123/TM4C123GH6PM.h(1057): warning: anonymous unions are a C11 extension [-Wc11-extensions]
  union {
  ^
C:/Users/Youssef/AppData/Local/Arm/Packs/Keil/TM4C_DFP/1.1.0/Device/Include/TM4C123/TM4C123GH6PM.h(1064): warning: anonymous unions are a C11 extension [-Wc11-extensions]
  union {
  ^
C:/Users/Youssef/AppData/Local/Arm/Packs/Keil/TM4C_DFP/1.1.0/Device/Include/TM4C123/TM4C123GH6PM.h(1070): warning: anonymous unions are a C11 extension [-Wc11-extensions]
  union {
  ^
C:/Users/Youssef/AppData/Local/Arm/Packs/Keil/TM4C_DFP/1.1.0/Device/Include/TM4C123/TM4C123GH6PM.h(1077): warning: anonymous unions are a C11 extension [-Wc11-extensions]
  union {
  ^
C:/Users/Youssef/AppData/Local/Arm/Packs/Keil/TM4C_DFP/1.1.0/Device/Include/TM4C123/TM4C123GH6PM.h(1084): warning: anonymous unions are a C11 extension [-Wc11-extensions]
  union {
  ^
C:/Users/Youssef/AppData/Local/Arm/Packs/Keil/TM4C_DFP/1.1.0/Device/Include/TM4C123/TM4C123GH6PM.h(1089): warning: anonymous unions are a C11 extension [-Wc11-extensions]
  union {
  ^
C:/Users/Youssef/AppData/Local/Arm/Packs/Keil/TM4C_DFP/1.1.0/Device/Include/TM4C123/TM4C123GH6PM.h(1096): warning: anonymous unions are a C11 extension [-Wc11-extensions]
  union {
  ^
C:/Users/Youssef/AppData/Local/Arm/Packs/Keil/TM4C_DFP/1.1.0/Device/Include/TM4C123/TM4C123GH6PM.h(1102): warning: anonymous unions are a C11 extension [-Wc11-extensions]
  union {
  ^
C:/Users/Youssef/AppData/Local/Arm/Packs/Keil/TM4C_DFP/1.1.0/Device/Include/TM4C123/TM4C123GH6PM.h(1251): warning: anonymous unions are a C11 extension [-Wc11-extensions]
  union {
  ^
RTE/Device/TM4C123GH6PM/system_TM4C123.c(19): warning: // comments are not allowed in this language [-Wcomment]
//-------- <<< Use Configuration Wizard in Context Menu >>> ------------------
^
45 warnings generated.
compiling system_TM4C123.c...
MCAL/GPIO_Cfg.c(3): warning: In file included from...
./MCAL/gpio.h(19): warning: In file included from...
./LIBRARIES\Std_Types.h(16): warning: In file included from...
./LIBRARIES/Platform_Types.h(62): warning: 'long long' is an extension when C99 mode is not enabled [-Wlong-long]
typedef unsigned long long    uint64;         /*       0..18446744073709551615  */
                 ^
./LIBRARIES/Platform_Types.h(63): warning: 'long long' is an extension when C99 mode is not enabled [-Wlong-long]
typedef signed long long      sint64;         /* -9223372036854775808 .. 9223372036854775807 */
               ^
MCAL/GPIO_Cfg.c(8): warning: suggest braces around initialization of subobject [-Wmissing-braces]
                                             DioConf_LED1_PORT_NUM,DioConf_LED1_CHANNEL_NUM
                                             ^~~~~~~~~~~~~~~~~~~~~~~~~~~~~~~~~~~~~~~~~~~~~~
                                             {                                             }
./MCAL/Dio_Cfg.h(29): note: expanded from macro 'DioConf_LED1_PORT_NUM'
#define DioConf_LED1_PORT_NUM                (Dio_PortType)5 /* PORTF */
                                             ^
3 warnings generated.
compiling GPIO_Cfg.c...
main.c(1): warning: In file included from...
./LIBRARIES\Std_Types.h(16): warning: In file included from...
./LIBRARIES/Platform_Types.h(62): warning: 'long long' is an extension when C99 mode is not enabled [-Wlong-long]
typedef unsigned long long    uint64;         /*       0..18446744073709551615  */
                 ^
./LIBRARIES/Platform_Types.h(63): warning: 'long long' is an extension when C99 mode is not enabled [-Wlong-long]
typedef signed long long      sint64;         /* -9223372036854775808 .. 9223372036854775807 */
               ^
main.c(5): warning: In file included from...
./MCAL\Port.h(28): warning: In file included from...
./MCAL/Port_Cfg.h(63): warning: no newline at end of file [-Wnewline-eof]
#endif 
       ^
main.c(5): warning: In file included from...
./MCAL\Port.h(32): warning: In file included from...
./MCAL/Port_Regs.h(45): warning: no newline at end of file [-Wnewline-eof]
#endif 
       ^
main.c(5): warning: In file included from...
./MCAL\Port.h(76): warning: redefinition of typedef 'Port_PinType' is a C11 feature [-Wtypedef-redefinition]
typedef uint8 Port_PinType;
              ^
./MCAL\Port.h(60): note: previous definition is here
typedef uint8 Port_PinType;
              ^
main.c(11): warning: mixing declarations and code is a C99 extension [-Wdeclaration-after-statement]
  volatile unsigned long delay = 0;
                         ^
main.c(11): warning: variable 'delay' set but not used [-Wunused-but-set-variable]
7 warnings generated.
compiling main.c...
MCAL/Port_PBcfg.c(12): warning: In file included from...
./MCAL/Port.h(24): warning: In file included from...
./LIBRARIES\Std_Types.h(16): warning: In file included from...
./LIBRARIES/Platform_Types.h(62): warning: 'long long' is an extension when C99 mode is not enabled [-Wlong-long]
typedef unsigned long long    uint64;         /*       0..18446744073709551615  */
                 ^
./LIBRARIES/Platform_Types.h(63): warning: 'long long' is an extension when C99 mode is not enabled [-Wlong-long]
typedef signed long long      sint64;         /* -9223372036854775808 .. 9223372036854775807 */
               ^
MCAL/Port_PBcfg.c(12): warning: In file included from...
./MCAL/Port.h(28): warning: In file included from...
./MCAL/Port_Cfg.h(63): warning: no newline at end of file [-Wnewline-eof]
#endif 
       ^
MCAL/Port_PBcfg.c(12): warning: In file included from...
./MCAL/Port.h(32): warning: In file included from...
./MCAL/Port_Regs.h(45): warning: no newline at end of file [-Wnewline-eof]
#endif 
       ^
MCAL/Port_PBcfg.c(12): warning: In file included from...
./MCAL/Port.h(76): warning: redefinition of typedef 'Port_PinType' is a C11 feature [-Wtypedef-redefinition]
typedef uint8 Port_PinType;
              ^
./MCAL/Port.h(60): note: previous definition is here
typedef uint8 Port_PinType;
              ^
MCAL/Port_PBcfg.c(75): warning: // comments are not allowed in this language [-Wcomment]
  PORTF,PIN1,OUTPUT,OFF,STD_LOW,PortConfig_Mode_DIO,MODE_CHANGE_ON,DIRECTION_CHANGE_ON, // LED PIN
                                                                                        ^
MCAL/Port_PBcfg.c(18): warning: suggest braces around initialization of subobject [-Wmissing-braces]
  PORTA,PIN0,INPUT,OFF,STD_LOW,PortConfig_Mode_DIO,MODE_CHANGE_ON,DIRECTION_CHANGE_ON,
  ^~~~~~~~~~~~~~~~~~~~~~~~~~~~~~~~~~~~~~~~~~~~~~~~~~~~~~~~~~~~~~~~~~~~~~~~~~~~~~~~~~~
  {                                                                                  }
./MCAL/Port_Cfg.h(27): note: expanded from macro 'PORTA'
#define PORTA (uint8)0
              ^
MCAL/Port_PBcfg.c(19): warning: suggest braces around initialization of subobject [-Wmissing-braces]
  PORTA,PIN1,INPUT,OFF,STD_LOW,PortConfig_Mode_DIO,MODE_CHANGE_ON,DIRECTION_CHANGE_ON,
  ^~~~~~~~~~~~~~~~~~~~~~~~~~~~~~~~~~~~~~~~~~~~~~~~~~~~~~~~~~~~~~~~~~~~~~~~~~~~~~~~~~~
  {                                                                                  }
./MCAL/Port_Cfg.h(27): note: expanded from macro 'PORTA'
#define PORTA (uint8)0
              ^
MCAL/Port_PBcfg.c(20): warning: suggest braces around initialization of subobject [-Wmissing-braces]
  PORTA,PIN2,INPUT,OFF,STD_LOW,PortConfig_Mode_DIO,MODE_CHANGE_ON,DIRECTION_CHANGE_ON,
  ^~~~~~~~~~~~~~~~~~~~~~~~~~~~~~~~~~~~~~~~~~~~~~~~~~~~~~~~~~~~~~~~~~~~~~~~~~~~~~~~~~~
  {                                                                                  }
./MCAL/Port_Cfg.h(27): note: expanded from macro 'PORTA'
#define PORTA (uint8)0
              ^
MCAL/Port_PBcfg.c(21): warning: suggest braces around initialization of subobject [-Wmissing-braces]
  PORTA,PIN3,INPUT,OFF,STD_LOW,PortConfig_Mode_DIO,MODE_CHANGE_ON,DIRECTION_CHANGE_ON,
  ^~~~~~~~~~~~~~~~~~~~~~~~~~~~~~~~~~~~~~~~~~~~~~~~~~~~~~~~~~~~~~~~~~~~~~~~~~~~~~~~~~~
  {                                                                                  }
./MCAL/Port_Cfg.h(27): note: expanded from macro 'PORTA'
#define PORTA (uint8)0
              ^
MCAL/Port_PBcfg.c(22): warning: suggest braces around initialization of subobject [-Wmissing-braces]
  PORTA,PIN4,INPUT,OFF,STD_LOW,PortConfig_Mode_DIO,MODE_CHANGE_ON,DIRECTION_CHANGE_ON,
  ^~~~~~~~~~~~~~~~~~~~~~~~~~~~~~~~~~~~~~~~~~~~~~~~~~~~~~~~~~~~~~~~~~~~~~~~~~~~~~~~~~~
  {                                                                                  }
./MCAL/Port_Cfg.h(27): note: expanded from macro 'PORTA'
#define PORTA (uint8)0
              ^
MCAL/Port_PBcfg.c(23): warning: suggest braces around initialization of subobject [-Wmissing-braces]
  PORTA,PIN5,INPUT,OFF,STD_LOW,PortConfig_Mode_DIO,MODE_CHANGE_ON,DIRECTION_CHANGE_ON,
  ^~~~~~~~~~~~~~~~~~~~~~~~~~~~~~~~~~~~~~~~~~~~~~~~~~~~~~~~~~~~~~~~~~~~~~~~~~~~~~~~~~~
  {                                                                                  }
./MCAL/Port_Cfg.h(27): note: expanded from macro 'PORTA'
#define PORTA (uint8)0
              ^
MCAL/Port_PBcfg.c(24): warning: suggest braces around initialization of subobject [-Wmissing-braces]
  PORTA,PIN6,INPUT,OFF,STD_LOW,PortConfig_Mode_DIO,MODE_CHANGE_ON,DIRECTION_CHANGE_ON,
  ^~~~~~~~~~~~~~~~~~~~~~~~~~~~~~~~~~~~~~~~~~~~~~~~~~~~~~~~~~~~~~~~~~~~~~~~~~~~~~~~~~~
  {                                                                                  }
./MCAL/Port_Cfg.h(27): note: expanded from macro 'PORTA'
#define PORTA (uint8)0
              ^
MCAL/Port_PBcfg.c(25): warning: suggest braces around initialization of subobject [-Wmissing-braces]
  PORTA,PIN7,INPUT,OFF,STD_LOW,PortConfig_Mode_DIO,MODE_CHANGE_ON,DIRECTION_CHANGE_ON,
  ^~~~~~~~~~~~~~~~~~~~~~~~~~~~~~~~~~~~~~~~~~~~~~~~~~~~~~~~~~~~~~~~~~~~~~~~~~~~~~~~~~~
  {                                                                                  }
./MCAL/Port_Cfg.h(27): note: expanded from macro 'PORTA'
#define PORTA (uint8)0
              ^
MCAL/Port_PBcfg.c(30): warning: suggest braces around initialization of subobject [-Wmissing-braces]
  PORTB,PIN0,INPUT,OFF,STD_LOW,PortConfig_Mode_DIO,MODE_CHANGE_ON,DIRECTION_CHANGE_ON,
  ^~~~~~~~~~~~~~~~~~~~~~~~~~~~~~~~~~~~~~~~~~~~~~~~~~~~~~~~~~~~~~~~~~~~~~~~~~~~~~~~~~~
  {                                                                                  }
./MCAL/Port_Cfg.h(28): note: expanded from macro 'PORTB'
#define PORTB (uint8)1
              ^
MCAL/Port_PBcfg.c(31): warning: suggest braces around initialization of subobject [-Wmissing-braces]
  PORTB,PIN1,INPUT,OFF,STD_LOW,PortConfig_Mode_DIO,MODE_CHANGE_ON,DIRECTION_CHANGE_ON,
  ^~~~~~~~~~~~~~~~~~~~~~~~~~~~~~~~~~~~~~~~~~~~~~~~~~~~~~~~~~~~~~~~~~~~~~~~~~~~~~~~~~~
  {                                                                                  }
./MCAL/Port_Cfg.h(28): note: expanded from macro 'PORTB'
#define PORTB (uint8)1
              ^
MCAL/Port_PBcfg.c(32): warning: suggest braces around initialization of subobject [-Wmissing-braces]
  PORTB,PIN2,INPUT,OFF,STD_LOW,PortConfig_Mode_DIO,MODE_CHANGE_ON,DIRECTION_CHANGE_ON,
  ^~~~~~~~~~~~~~~~~~~~~~~~~~~~~~~~~~~~~~~~~~~~~~~~~~~~~~~~~~~~~~~~~~~~~~~~~~~~~~~~~~~
  {                                                                                  }
./MCAL/Port_Cfg.h(28): note: expanded from macro 'PORTB'
#define PORTB (uint8)1
              ^
MCAL/Port_PBcfg.c(33): warning: suggest braces around initialization of subobject [-Wmissing-braces]
  PORTB,PIN3,INPUT,OFF,STD_LOW,PortConfig_Mode_DIO,MODE_CHANGE_ON,DIRECTION_CHANGE_ON,
  ^~~~~~~~~~~~~~~~~~~~~~~~~~~~~~~~~~~~~~~~~~~~~~~~~~~~~~~~~~~~~~~~~~~~~~~~~~~~~~~~~~~
  {                                                                                  }
./MCAL/Port_Cfg.h(28): note: expanded from macro 'PORTB'
#define PORTB (uint8)1
              ^
MCAL/Port_PBcfg.c(34): warning: suggest braces around initialization of subobject [-Wmissing-braces]
  PORTB,PIN4,INPUT,OFF,STD_LOW,PortConfig_Mode_DIO,MODE_CHANGE_ON,DIRECTION_CHANGE_ON,
  ^~~~~~~~~~~~~~~~~~~~~~~~~~~~~~~~~~~~~~~~~~~~~~~~~~~~~~~~~~~~~~~~~~~~~~~~~~~~~~~~~~~
  {                                                                                  }
./MCAL/Port_Cfg.h(28): note: expanded from macro 'PORTB'
#define PORTB (uint8)1
              ^
MCAL/Port_PBcfg.c(35): warning: suggest braces around initialization of subobject [-Wmissing-braces]
  PORTB,PIN5,INPUT,OFF,STD_LOW,PortConfig_Mode_DIO,MODE_CHANGE_ON,DIRECTION_CHANGE_ON,
  ^~~~~~~~~~~~~~~~~~~~~~~~~~~~~~~~~~~~~~~~~~~~~~~~~~~~~~~~~~~~~~~~~~~~~~~~~~~~~~~~~~~
  {                                                                                  }
./MCAL/Port_Cfg.h(28): note: expanded from macro 'PORTB'
#define PORTB (uint8)1
              ^
MCAL/Port_PBcfg.c(36): warning: suggest braces around initialization of subobject [-Wmissing-braces]
  PORTB,PIN6,INPUT,OFF,STD_LOW,PortConfig_Mode_DIO,MODE_CHANGE_ON,DIRECTION_CHANGE_ON,
  ^~~~~~~~~~~~~~~~~~~~~~~~~~~~~~~~~~~~~~~~~~~~~~~~~~~~~~~~~~~~~~~~~~~~~~~~~~~~~~~~~~~
  {                                                                                  }
./MCAL/Port_Cfg.h(28): note: expanded from macro 'PORTB'
#define PORTB (uint8)1
              ^
MCAL/Port_PBcfg.c(37): warning: suggest braces around initialization of subobject [-Wmissing-braces]
  PORTB,PIN7,INPUT,OFF,STD_LOW,PortConfig_Mode_DIO,MODE_CHANGE_ON,DIRECTION_CHANGE_ON,
  ^~~~~~~~~~~~~~~~~~~~~~~~~~~~~~~~~~~~~~~~~~~~~~~~~~~~~~~~~~~~~~~~~~~~~~~~~~~~~~~~~~~
  {                                                                                  }
./MCAL/Port_Cfg.h(28): note: expanded from macro 'PORTB'
#define PORTB (uint8)1
              ^
MCAL/Port_PBcfg.c(56): warning: suggest braces around initialization of subobject [-Wmissing-braces]
  PORTD,PIN0,INPUT,OFF,STD_LOW,PortConfig_Mode_DIO,MODE_CHANGE_ON,DIRECTION_CHANGE_ON,
  ^~~~~~~~~~~~~~~~~~~~~~~~~~~~~~~~~~~~~~~~~~~~~~~~~~~~~~~~~~~~~~~~~~~~~~~~~~~~~~~~~~~
  {                                                                                  }
./MCAL/Port_Cfg.h(30): note: expanded from macro 'PORTD'
#define PORTD (uint8)3
              ^
MCAL/Port_PBcfg.c(57): warning: suggest braces around initialization of subobject [-Wmissing-braces]
  PORTD,PIN1,INPUT,OFF,STD_LOW,PortConfig_Mode_DIO,MODE_CHANGE_ON,DIRECTION_CHANGE_ON,
  ^~~~~~~~~~~~~~~~~~~~~~~~~~~~~~~~~~~~~~~~~~~~~~~~~~~~~~~~~~~~~~~~~~~~~~~~~~~~~~~~~~~
  {                                                                                  }
./MCAL/Port_Cfg.h(30): note: expanded from macro 'PORTD'
#define PORTD (uint8)3
              ^
MCAL/Port_PBcfg.c(58): warning: suggest braces around initialization of subobject [-Wmissing-braces]
  PORTD,PIN2,INPUT,OFF,STD_LOW,PortConfig_Mode_DIO,MODE_CHANGE_ON,DIRECTION_CHANGE_ON,
  ^~~~~~~~~~~~~~~~~~~~~~~~~~~~~~~~~~~~~~~~~~~~~~~~~~~~~~~~~~~~~~~~~~~~~~~~~~~~~~~~~~~
  {                                                                                  }
./MCAL/Port_Cfg.h(30): note: expanded from macro 'PORTD'
#define PORTD (uint8)3
              ^
MCAL/Port_PBcfg.c(59): warning: suggest braces around initialization of subobject [-Wmissing-braces]
  PORTD,PIN3,INPUT,OFF,STD_LOW,PortConfig_Mode_DIO,MODE_CHANGE_ON,DIRECTION_CHANGE_ON,
  ^~~~~~~~~~~~~~~~~~~~~~~~~~~~~~~~~~~~~~~~~~~~~~~~~~~~~~~~~~~~~~~~~~~~~~~~~~~~~~~~~~~
  {                                                                                  }
./MCAL/Port_Cfg.h(30): note: expanded from macro 'PORTD'
#define PORTD (uint8)3
              ^
MCAL/Port_PBcfg.c(60): warning: suggest braces around initialization of subobject [-Wmissing-braces]
  PORTD,PIN4,INPUT,OFF,STD_LOW,PortConfig_Mode_DIO,MODE_CHANGE_ON,DIRECTION_CHANGE_ON,
  ^~~~~~~~~~~~~~~~~~~~~~~~~~~~~~~~~~~~~~~~~~~~~~~~~~~~~~~~~~~~~~~~~~~~~~~~~~~~~~~~~~~
  {                                                                                  }
./MCAL/Port_Cfg.h(30): note: expanded from macro 'PORTD'
#define PORTD (uint8)3
              ^
MCAL/Port_PBcfg.c(61): warning: suggest braces around initialization of subobject [-Wmissing-braces]
  PORTD,PIN5,INPUT,OFF,STD_LOW,PortConfig_Mode_DIO,MODE_CHANGE_ON,DIRECTION_CHANGE_ON,
  ^~~~~~~~~~~~~~~~~~~~~~~~~~~~~~~~~~~~~~~~~~~~~~~~~~~~~~~~~~~~~~~~~~~~~~~~~~~~~~~~~~~
  {                                                                                  }
./MCAL/Port_Cfg.h(30): note: expanded from macro 'PORTD'
#define PORTD (uint8)3
              ^
MCAL/Port_PBcfg.c(62): warning: suggest braces around initialization of subobject [-Wmissing-braces]
  PORTD,PIN6,INPUT,OFF,STD_LOW,PortConfig_Mode_DIO,MODE_CHANGE_ON,DIRECTION_CHANGE_ON,
  ^~~~~~~~~~~~~~~~~~~~~~~~~~~~~~~~~~~~~~~~~~~~~~~~~~~~~~~~~~~~~~~~~~~~~~~~~~~~~~~~~~~
  {                                                                                  }
./MCAL/Port_Cfg.h(30): note: expanded from macro 'PORTD'
#define PORTD (uint8)3
              ^
MCAL/Port_PBcfg.c(63): warning: suggest braces around initialization of subobject [-Wmissing-braces]
  PORTD,PIN7,INPUT,OFF,STD_LOW,PortConfig_Mode_DIO,MODE_CHANGE_ON,DIRECTION_CHANGE_ON,
  ^~~~~~~~~~~~~~~~~~~~~~~~~~~~~~~~~~~~~~~~~~~~~~~~~~~~~~~~~~~~~~~~~~~~~~~~~~~~~~~~~~~
  {                                                                                  }
./MCAL/Port_Cfg.h(30): note: expanded from macro 'PORTD'
#define PORTD (uint8)3
              ^
MCAL/Port_PBcfg.c(66): warning: suggest braces around initialization of subobject [-Wmissing-braces]
  PORTE,PIN0,INPUT,OFF,STD_LOW,PortConfig_Mode_DIO,MODE_CHANGE_ON,DIRECTION_CHANGE_ON,
  ^~~~~~~~~~~~~~~~~~~~~~~~~~~~~~~~~~~~~~~~~~~~~~~~~~~~~~~~~~~~~~~~~~~~~~~~~~~~~~~~~~~
  {                                                                                  }
./MCAL/Port_Cfg.h(31): note: expanded from macro 'PORTE'
#define PORTE (uint8)4
              ^
MCAL/Port_PBcfg.c(67): warning: suggest braces around initialization of subobject [-Wmissing-braces]
  PORTE,PIN1,INPUT,OFF,STD_LOW,PortConfig_Mode_DIO,MODE_CHANGE_ON,DIRECTION_CHANGE_ON,
  ^~~~~~~~~~~~~~~~~~~~~~~~~~~~~~~~~~~~~~~~~~~~~~~~~~~~~~~~~~~~~~~~~~~~~~~~~~~~~~~~~~~
  {                                                                                  }
./MCAL/Port_Cfg.h(31): note: expanded from macro 'PORTE'
#define PORTE (uint8)4
              ^
MCAL/Port_PBcfg.c(68): warning: suggest braces around initialization of subobject [-Wmissing-braces]
  PORTE,PIN2,INPUT,OFF,STD_LOW,PortConfig_Mode_DIO,MODE_CHANGE_ON,DIRECTION_CHANGE_ON,
  ^~~~~~~~~~~~~~~~~~~~~~~~~~~~~~~~~~~~~~~~~~~~~~~~~~~~~~~~~~~~~~~~~~~~~~~~~~~~~~~~~~~
  {                                                                                  }
./MCAL/Port_Cfg.h(31): note: expanded from macro 'PORTE'
#define PORTE (uint8)4
              ^
MCAL/Port_PBcfg.c(69): warning: suggest braces around initialization of subobject [-Wmissing-braces]
  PORTE,PIN3,INPUT,OFF,STD_LOW,PortConfig_Mode_DIO,MODE_CHANGE_ON,DIRECTION_CHANGE_ON,
  ^~~~~~~~~~~~~~~~~~~~~~~~~~~~~~~~~~~~~~~~~~~~~~~~~~~~~~~~~~~~~~~~~~~~~~~~~~~~~~~~~~~
  {                                                                                  }
./MCAL/Port_Cfg.h(31): note: expanded from macro 'PORTE'
#define PORTE (uint8)4
              ^
MCAL/Port_PBcfg.c(70): warning: suggest braces around initialization of subobject [-Wmissing-braces]
  PORTE,PIN4,INPUT,OFF,STD_LOW,PortConfig_Mode_DIO,MODE_CHANGE_ON,DIRECTION_CHANGE_ON,
  ^~~~~~~~~~~~~~~~~~~~~~~~~~~~~~~~~~~~~~~~~~~~~~~~~~~~~~~~~~~~~~~~~~~~~~~~~~~~~~~~~~~
  {                                                                                  }
./MCAL/Port_Cfg.h(31): note: expanded from macro 'PORTE'
#define PORTE (uint8)4
              ^
MCAL/Port_PBcfg.c(71): warning: suggest braces around initialization of subobject [-Wmissing-braces]
  PORTE,PIN5,INPUT,OFF,STD_LOW,PortConfig_Mode_DIO,MODE_CHANGE_ON,DIRECTION_CHANGE_ON,
  ^~~~~~~~~~~~~~~~~~~~~~~~~~~~~~~~~~~~~~~~~~~~~~~~~~~~~~~~~~~~~~~~~~~~~~~~~~~~~~~~~~~
  {                                                                                  }
./MCAL/Port_Cfg.h(31): note: expanded from macro 'PORTE'
#define PORTE (uint8)4
              ^
MCAL/Port_PBcfg.c(74): warning: suggest braces around initialization of subobject [-Wmissing-braces]
  PORTF,PIN0,INPUT,OFF,STD_LOW,PortConfig_Mode_DIO,MODE_CHANGE_ON,DIRECTION_CHANGE_ON,
  ^~~~~~~~~~~~~~~~~~~~~~~~~~~~~~~~~~~~~~~~~~~~~~~~~~~~~~~~~~~~~~~~~~~~~~~~~~~~~~~~~~~
  {                                                                                  }
./MCAL/Port_Cfg.h(32): note: expanded from macro 'PORTF'
#define PORTF (uint8)5
              ^
MCAL/Port_PBcfg.c(75): warning: suggest braces around initialization of subobject [-Wmissing-braces]
  PORTF,PIN1,OUTPUT,OFF,STD_LOW,PortConfig_Mode_DIO,MODE_CHANGE_ON,DIRECTION_CHANGE_ON, // LED PIN
  ^~~~~~~~~~~~~~~~~~~~~~~~~~~~~~~~~~~~~~~~~~~~~~~~~~~~~~~~~~~~~~~~~~~~~~~~~~~~~~~~~~~~
  {                                                                                   }
./MCAL/Port_Cfg.h(32): note: expanded from macro 'PORTF'
#define PORTF (uint8)5
              ^
MCAL/Port_PBcfg.c(76): warning: suggest braces around initialization of subobject [-Wmissing-braces]
  PORTF,PIN2,INPUT,OFF,STD_LOW,PortConfig_Mode_DIO,MODE_CHANGE_ON,DIRECTION_CHANGE_ON,
  ^~~~~~~~~~~~~~~~~~~~~~~~~~~~~~~~~~~~~~~~~~~~~~~~~~~~~~~~~~~~~~~~~~~~~~~~~~~~~~~~~~~
  {                                                                                  }
./MCAL/Port_Cfg.h(32): note: expanded from macro 'PORTF'
#define PORTF (uint8)5
              ^
MCAL/Port_PBcfg.c(77): warning: suggest braces around initialization of subobject [-Wmissing-braces]
  PORTF,PIN3,INPUT,OFF,STD_LOW,PortConfig_Mode_DIO,MODE_CHANGE_ON,DIRECTION_CHANGE_ON,
  ^~~~~~~~~~~~~~~~~~~~~~~~~~~~~~~~~~~~~~~~~~~~~~~~~~~~~~~~~~~~~~~~~~~~~~~~~~~~~~~~~~~
  {                                                                                  }
./MCAL/Port_Cfg.h(32): note: expanded from macro 'PORTF'
#define PORTF (uint8)5
              ^
MCAL/Port_PBcfg.c(78): warning: suggest braces around initialization of subobject [-Wmissing-braces]
  PORTF,PIN4,INPUT,OFF,STD_LOW,PortConfig_Mode_DIO,MODE_CHANGE_ON,DIRECTION_CHANGE_ON,
  ^~~~~~~~~~~~~~~~~~~~~~~~~~~~~~~~~~~~~~~~~~~~~~~~~~~~~~~~~~~~~~~~~~~~~~~~~~~~~~~~~~~
  {                                                                                  }
./MCAL/Port_Cfg.h(32): note: expanded from macro 'PORTF'
#define PORTF (uint8)5
              ^
41 warnings generated.
compiling Port_PBcfg.c...
MCAL/gpio.c(12): warning: In file included from...
./MCAL/GPIO_Regs.h(15): warning: In file included from...
./LIBRARIES\Std_Types.h(16): warning: In file included from...
./LIBRARIES/Platform_Types.h(62): warning: 'long long' is an extension when C99 mode is not enabled [-Wlong-long]
typedef unsigned long long    uint64;         /*       0..18446744073709551615  */
                 ^
./LIBRARIES/Platform_Types.h(63): warning: 'long long' is an extension when C99 mode is not enabled [-Wlong-long]
typedef signed long long      sint64;         /* -9223372036854775808 .. 9223372036854775807 */
               ^
2 warnings generated.
compiling gpio.c...
MCAL/port.c(12): warning: In file included from...
./MCAL/Port.h(24): warning: In file included from...
./LIBRARIES\Std_Types.h(16): warning: In file included from...
./LIBRARIES/Platform_Types.h(62): warning: 'long long' is an extension when C99 mode is not enabled [-Wlong-long]
typedef unsigned long long    uint64;         /*       0..18446744073709551615  */
                 ^
./LIBRARIES/Platform_Types.h(63): warning: 'long long' is an extension when C99 mode is not enabled [-Wlong-long]
typedef signed long long      sint64;         /* -9223372036854775808 .. 9223372036854775807 */
               ^
MCAL/port.c(12): warning: In file included from...
./MCAL/Port.h(28): warning: In file included from...
./MCAL/Port_Cfg.h(63): warning: no newline at end of file [-Wnewline-eof]
#endif 
       ^
MCAL/port.c(12): warning: In file included from...
./MCAL/Port.h(32): warning: In file included from...
./MCAL/Port_Regs.h(45): warning: no newline at end of file [-Wnewline-eof]
#endif 
       ^
MCAL/port.c(12): warning: In file included from...
./MCAL/Port.h(76): warning: redefinition of typedef 'Port_PinType' is a C11 feature [-Wtypedef-redefinition]
typedef uint8 Port_PinType;
              ^
./MCAL/Port.h(60): note: previous definition is here
typedef uint8 Port_PinType;
              ^
MCAL/port.c(39): warning: variable declaration in for loop is a C99-specific feature [-Wc99-extensions]
  for(uint8 i=0;i<PORT_CONFIGURED_CHANNLES ;i++)
      ^
MCAL/port.c(39): warning: GCC does not allow variable declarations in for loop initializers before C99 [-Wgcc-compat]
MCAL/port.c(66): warning: cast from 'volatile uint8 *' (aka 'volatile unsigned char *') to 'volatile uint32 *' (aka 'volatile unsigned long *') increases required alignment from 1 to 4 [-Wcast-align]
      *(volatile uint32 *)((volatile uint8 *)PORT_PTR + PORT_LOCK_REG_OFFSET) = 0x4C4F434B;                     /* Unlock the GPIOCR register */   
       ^~~~~~~~~~~~~~~~~~~~~~~~~~~~~~~~~~~~~~~~~~~~~~~~~~~~~~~~~~~~~~~~~~~~~~
MCAL/port.c(67): warning: cast from 'volatile uint8 *' (aka 'volatile unsigned char *') to 'volatile uint32 *' (aka 'volatile unsigned long *') increases required alignment from 1 to 4 [-Wcast-align]
      SET_BIT(*(volatile uint32 *)((volatile uint8 *)PORT_PTR + PORT_COMMIT_REG_OFFSET) , Channel_PORT[i].pin_num);  /* Set the corresponding bit in GPIOCR register to allow changes on this pin */
      ~~~~~~~~~^~~~~~~~~~~~~~~~~~~~~~~~~~~~~~~~~~~~~~~~~~~~~~~~~~~~~~~~~~~~~~~~~~~~~~~~~~~~~~~~~~~~~~~~~~~~~~~~~~~
./LIBRARIES\Common_Macros.h(17): note: expanded from macro 'SET_BIT'
#define SET_BIT(REG,BIT) (REG|=(1<<BIT))
                          ^~~
MCAL/port.c(83): warning: cast from 'volatile uint8 *' (aka 'volatile unsigned char *') to 'volatile uint32 *' (aka 'volatile unsigned long *') increases required alignment from 1 to 4 [-Wcast-align]
      SET_BIT((*(volatile uint32 *)((volatile uint8 *)PORT_PTR + PORT_ANALOG_MODE_SEL_REG_OFFSET) ), Channel_PORT[i].pin_num);
      ~~~~~~~~~~^~~~~~~~~~~~~~~~~~~~~~~~~~~~~~~~~~~~~~~~~~~~~~~~~~~~~~~~~~~~~~~~~~~~~~~~~~~~~~~~~~~~~~~~~~~~~~~~~~~~~~~~~~~~~
./LIBRARIES\Common_Macros.h(17): note: expanded from macro 'SET_BIT'
#define SET_BIT(REG,BIT) (REG|=(1<<BIT))
                          ^~~
MCAL/port.c(85): warning: cast from 'volatile uint8 *' (aka 'volatile unsigned char *') to 'volatile uint32 *' (aka 'volatile unsigned long *') increases required alignment from 1 to 4 [-Wcast-align]
      CLEAR_BIT(*(volatile uint32 *)((volatile uint8 *)PORT_PTR + PORT_DIGITAL_ENABLE_REG_OFFSET) ,Channel_PORT[i].pin_num );
      ~~~~~~~~~~~^~~~~~~~~~~~~~~~~~~~~~~~~~~~~~~~~~~~~~~~~~~~~~~~~~~~~~~~~~~~~~~~~~~~~~~~~~~~~~~~~~~~~~~~~~~~~~~~~~~~~~~~~~~
./LIBRARIES\Common_Macros.h(20): note: expanded from macro 'CLEAR_BIT'
#define CLEAR_BIT(REG,BIT) (REG&=(~(1<<BIT)))
                            ^~~
MCAL/port.c(90): warning: cast from 'volatile uint8 *' (aka 'volatile unsigned char *') to 'volatile uint32 *' (aka 'volatile unsigned long *') increases required alignment from 1 to 4 [-Wcast-align]
      CLEAR_BIT((*(volatile uint32 *)((volatile uint8 *)PORT_PTR + PORT_ANALOG_MODE_SEL_REG_OFFSET)) ,Channel_PORT[i].pin_num );
      ~~~~~~~~~~~~^~~~~~~~~~~~~~~~~~~~~~~~~~~~~~~~~~~~~~~~~~~~~~~~~~~~~~~~~~~~~~~~~~~~~~~~~~~~~~~~~~~~~~~~~~~~~~~~~~~~~~~~~~~~~
./LIBRARIES\Common_Macros.h(20): note: expanded from macro 'CLEAR_BIT'
#define CLEAR_BIT(REG,BIT) (REG&=(~(1<<BIT)))
                            ^~~
MCAL/port.c(91): warning: cast from 'volatile uint8 *' (aka 'volatile unsigned char *') to 'volatile uint32 *' (aka 'volatile unsigned long *') increases required alignment from 1 to 4 [-Wcast-align]
      SET_BIT((*(volatile uint32 *)((volatile uint8 *)PORT_PTR + PORT_DIGITAL_ENABLE_REG_OFFSET)) ,Channel_PORT[i].pin_num );
      ~~~~~~~~~~^~~~~~~~~~~~~~~~~~~~~~~~~~~~~~~~~~~~~~~~~~~~~~~~~~~~~~~~~~~~~~~~~~~~~~~~~~~~~~~~~~~~~~~~~~~~~~~~~~~~~~~~~~~~
./LIBRARIES\Common_Macros.h(17): note: expanded from macro 'SET_BIT'
#define SET_BIT(REG,BIT) (REG|=(1<<BIT))
                          ^~~
MCAL/port.c(96): warning: cast from 'volatile uint8 *' (aka 'volatile unsigned char *') to 'volatile uint32 *' (aka 'volatile unsigned long *') increases required alignment from 1 to 4 [-Wcast-align]
      CLEAR_BIT(*(volatile uint32 *)((volatile uint8 *)PORT_PTR + PORT_ALT_FUNC_REG_OFFSET) ,Channel_PORT[i].pin_num );
      ~~~~~~~~~~~^~~~~~~~~~~~~~~~~~~~~~~~~~~~~~~~~~~~~~~~~~~~~~~~~~~~~~~~~~~~~~~~~~~~~~~~~~~~~~~~~~~~~~~~~~~~~~~~~~~~~
./LIBRARIES\Common_Macros.h(20): note: expanded from macro 'CLEAR_BIT'
#define CLEAR_BIT(REG,BIT) (REG&=(~(1<<BIT)))
                            ^~~
MCAL/port.c(101): warning: cast from 'volatile uint8 *' (aka 'volatile unsigned char *') to 'volatile uint32 *' (aka 'volatile unsigned long *') increases required alignment from 1 to 4 [-Wcast-align]
      SET_BIT(*(volatile uint32 *)((volatile uint8 *)PORT_PTR + PORT_ALT_FUNC_REG_OFFSET) ,Channel_PORT[i].pin_num );
      ~~~~~~~~~^~~~~~~~~~~~~~~~~~~~~~~~~~~~~~~~~~~~~~~~~~~~~~~~~~~~~~~~~~~~~~~~~~~~~~~~~~~~~~~~~~~~~~~~~~~~~~~~~~~~~
./LIBRARIES\Common_Macros.h(17): note: expanded from macro 'SET_BIT'
#define SET_BIT(REG,BIT) (REG|=(1<<BIT))
                          ^~~
MCAL/port.c(112): warning: cast from 'volatile uint8 *' (aka 'volatile unsigned char *') to 'volatile uint32 *' (aka 'volatile unsigned long *') increases required alignment from 1 to 4 [-Wcast-align]
      *(volatile uint32 *)((volatile uint8 *)PORT_PTR + PORT_CTL_REG_OFFSET) &= ~(0x0000000F << (Channel_PORT[i].pin_num * 4));
       ^~~~~~~~~~~~~~~~~~~~~~~~~~~~~~~~~~~~~~~~~~~~~~~~~~~~~~~~~~~~~~~~~~~~~
MCAL/port.c(112): warning: implicit conversion changes signedness: 'int' to 'unsigned long' [-Wsign-conversion]
      *(volatile uint32 *)((volatile uint8 *)PORT_PTR + PORT_CTL_REG_OFFSET) &= ~(0x0000000F << (Channel_PORT[i].pin_num * 4));
                                                                             ~~ ^~~~~~~~~~~~~~~~~~~~~~~~~~~~~~~~~~~~~~~~~~~~~~
MCAL/port.c(116): warning: cast from 'volatile uint8 *' (aka 'volatile unsigned char *') to 'volatile uint32 *' (aka 'volatile unsigned long *') increases required alignment from 1 to 4 [-Wcast-align]
      *(volatile uint32 *)((volatile uint8 *)PORT_PTR + PORT_CTL_REG_OFFSET) |= ((uint32)PortConfig_Mode_UART << (Channel_PORT[i].pin_num * 4));
       ^~~~~~~~~~~~~~~~~~~~~~~~~~~~~~~~~~~~~~~~~~~~~~~~~~~~~~~~~~~~~~~~~~~~~
MCAL/port.c(122): warning: cast from 'volatile uint8 *' (aka 'volatile unsigned char *') to 'volatile uint32 *' (aka 'volatile unsigned long *') increases required alignment from 1 to 4 [-Wcast-align]
        *(volatile uint32 *)((volatile uint8 *)PORT_PTR + PORT_CTL_REG_OFFSET) |= ((uint32)PortConfig_Mode_UART << (Channel_PORT[i].pin_num * 4));
         ^~~~~~~~~~~~~~~~~~~~~~~~~~~~~~~~~~~~~~~~~~~~~~~~~~~~~~~~~~~~~~~~~~~~~
MCAL/port.c(126): warning: cast from 'volatile uint8 *' (aka 'volatile unsigned char *') to 'volatile uint32 *' (aka 'volatile unsigned long *') increases required alignment from 1 to 4 [-Wcast-align]
        *(volatile uint32 *)((volatile uint8 *)PORT_PTR + PORT_CTL_REG_OFFSET) |= ((uint32)PortConfig_Mode_SSI<< (Channel_PORT[i].pin_num * 4));
         ^~~~~~~~~~~~~~~~~~~~~~~~~~~~~~~~~~~~~~~~~~~~~~~~~~~~~~~~~~~~~~~~~~~~~
MCAL/port.c(131): warning: cast from 'volatile uint8 *' (aka 'volatile unsigned char *') to 'volatile uint32 *' (aka 'volatile unsigned long *') increases required alignment from 1 to 4 [-Wcast-align]
      *(volatile uint32 *)((volatile uint8 *)PORT_PTR + PORT_CTL_REG_OFFSET) |= ((uint32)PortConfig_Mode_I2C<< (Channel_PORT[i].pin_num * 4));
       ^~~~~~~~~~~~~~~~~~~~~~~~~~~~~~~~~~~~~~~~~~~~~~~~~~~~~~~~~~~~~~~~~~~~~
MCAL/port.c(137): warning: cast from 'volatile uint8 *' (aka 'volatile unsigned char *') to 'volatile uint32 *' (aka 'volatile unsigned long *') increases required alignment from 1 to 4 [-Wcast-align]
        *(volatile uint32 *)((volatile uint8 *)PORT_PTR + PORT_CTL_REG_OFFSET) |= ((uint32)PortConfig_Mode_M0FAULT << (Channel_PORT[i].pin_num * 4));
         ^~~~~~~~~~~~~~~~~~~~~~~~~~~~~~~~~~~~~~~~~~~~~~~~~~~~~~~~~~~~~~~~~~~~~
MCAL/port.c(141): warning: cast from 'volatile uint8 *' (aka 'volatile unsigned char *') to 'volatile uint32 *' (aka 'volatile unsigned long *') increases required alignment from 1 to 4 [-Wcast-align]
        *(volatile uint32 *)((volatile uint8 *)PORT_PTR + PORT_CTL_REG_OFFSET) |= ((uint32)PortConfig_Mode_M0PWM << (Channel_PORT[i].pin_num * 4));
         ^~~~~~~~~~~~~~~~~~~~~~~~~~~~~~~~~~~~~~~~~~~~~~~~~~~~~~~~~~~~~~~~~~~~~
MCAL/port.c(145): warning: cast from 'volatile uint8 *' (aka 'volatile unsigned char *') to 'volatile uint32 *' (aka 'volatile unsigned long *') increases required alignment from 1 to 4 [-Wcast-align]
      *(volatile uint32 *)((volatile uint8 *)PORT_PTR + PORT_CTL_REG_OFFSET) |= ((uint32)PortConfig_Mode_M1PWM << (Channel_PORT[i].pin_num * 4));
       ^~~~~~~~~~~~~~~~~~~~~~~~~~~~~~~~~~~~~~~~~~~~~~~~~~~~~~~~~~~~~~~~~~~~~
MCAL/port.c(148): warning: cast from 'volatile uint8 *' (aka 'volatile unsigned char *') to 'volatile uint32 *' (aka 'volatile unsigned long *') increases required alignment from 1 to 4 [-Wcast-align]
      *(volatile uint32 *)((volatile uint8 *)PORT_PTR + PORT_CTL_REG_OFFSET) |= ((uint32)PortConfig_Mode_IDX << (Channel_PORT[i].pin_num * 4));
       ^~~~~~~~~~~~~~~~~~~~~~~~~~~~~~~~~~~~~~~~~~~~~~~~~~~~~~~~~~~~~~~~~~~~~
MCAL/port.c(151): warning: cast from 'volatile uint8 *' (aka 'volatile unsigned char *') to 'volatile uint32 *' (aka 'volatile unsigned long *') increases required alignment from 1 to 4 [-Wcast-align]
      *(volatile uint32 *)((volatile uint8 *)PORT_PTR + PORT_CTL_REG_OFFSET) |= ((uint32)PortConfig_Mode_TIMER<< (Channel_PORT[i].pin_num * 4));
       ^~~~~~~~~~~~~~~~~~~~~~~~~~~~~~~~~~~~~~~~~~~~~~~~~~~~~~~~~~~~~~~~~~~~~
MCAL/port.c(159): warning: cast from 'volatile uint8 *' (aka 'volatile unsigned char *') to 'volatile uint32 *' (aka 'volatile unsigned long *') increases required alignment from 1 to 4 [-Wcast-align]
        *(volatile uint32 *)((volatile uint8 *)PORT_PTR + PORT_CTL_REG_OFFSET) |= ((uint32)PortConfig_Mode_CAN<< (Channel_PORT[i].pin_num * 4));
         ^~~~~~~~~~~~~~~~~~~~~~~~~~~~~~~~~~~~~~~~~~~~~~~~~~~~~~~~~~~~~~~~~~~~~
MCAL/port.c(165): warning: cast from 'volatile uint8 *' (aka 'volatile unsigned char *') to 'volatile uint32 *' (aka 'volatile unsigned long *') increases required alignment from 1 to 4 [-Wcast-align]
        *(volatile uint32 *)((volatile uint8 *)PORT_PTR + PORT_CTL_REG_OFFSET) |= ((uint32)PortConfig_Mode_USB<< (Channel_PORT[i].pin_num * 4));
         ^~~~~~~~~~~~~~~~~~~~~~~~~~~~~~~~~~~~~~~~~~~~~~~~~~~~~~~~~~~~~~~~~~~~~
MCAL/port.c(170): warning: cast from 'volatile uint8 *' (aka 'volatile unsigned char *') to 'volatile uint32 *' (aka 'volatile unsigned long *') increases required alignment from 1 to 4 [-Wcast-align]
        *(volatile uint32 *)((volatile uint8 *)PORT_PTR + PORT_CTL_REG_OFFSET) |= ((uint32)PortConfig_Mode_NMI<< (Channel_PORT[i].pin_num * 4));
         ^~~~~~~~~~~~~~~~~~~~~~~~~~~~~~~~~~~~~~~~~~~~~~~~~~~~~~~~~~~~~~~~~~~~~
MCAL/port.c(180): warning: cast from 'volatile uint8 *' (aka 'volatile unsigned char *') to 'volatile uint32 *' (aka 'volatile unsigned long *') increases required alignment from 1 to 4 [-Wcast-align]
      SET_BIT(*(volatile uint32 *)((volatile uint8 *)PORT_PTR + PORT_DIR_REG_OFFSET),Channel_PORT[i].pin_num);
      ~~~~~~~~~^~~~~~~~~~~~~~~~~~~~~~~~~~~~~~~~~~~~~~~~~~~~~~~~~~~~~~~~~~~~~~~~~~~~~~~~~~~~~~~~~~~~~~~~~~~~~~
./LIBRARIES\Common_Macros.h(17): note: expanded from macro 'SET_BIT'
#define SET_BIT(REG,BIT) (REG|=(1<<BIT))
                          ^~~
MCAL/port.c(183): warning: cast from 'volatile uint8 *' (aka 'volatile unsigned char *') to 'volatile uint32 *' (aka 'volatile unsigned long *') increases required alignment from 1 to 4 [-Wcast-align]
        SET_BIT(*(volatile uint32 *)((volatile uint8 *)PORT_PTR + PORT_DATA_REG_OFFSET),Channel_PORT[i].pin_num);
        ~~~~~~~~~^~~~~~~~~~~~~~~~~~~~~~~~~~~~~~~~~~~~~~~~~~~~~~~~~~~~~~~~~~~~~~~~~~~~~~~~~~~~~~~~~~~~~~~~~~~~~~~
./LIBRARIES\Common_Macros.h(17): note: expanded from macro 'SET_BIT'
#define SET_BIT(REG,BIT) (REG|=(1<<BIT))
                          ^~~
MCAL/port.c(187): warning: cast from 'volatile uint8 *' (aka 'volatile unsigned char *') to 'volatile uint32 *' (aka 'volatile unsigned long *') increases required alignment from 1 to 4 [-Wcast-align]
        CLEAR_BIT(*(volatile uint32 *)((volatile uint8 *)PORT_PTR + PORT_DATA_REG_OFFSET),Channel_PORT[i].pin_num);
        ~~~~~~~~~~~^~~~~~~~~~~~~~~~~~~~~~~~~~~~~~~~~~~~~~~~~~~~~~~~~~~~~~~~~~~~~~~~~~~~~~~~~~~~~~~~~~~~~~~~~~~~~~~
./LIBRARIES\Common_Macros.h(20): note: expanded from macro 'CLEAR_BIT'
#define CLEAR_BIT(REG,BIT) (REG&=(~(1<<BIT)))
                            ^~~
MCAL/port.c(193): warning: cast from 'volatile uint8 *' (aka 'volatile unsigned char *') to 'volatile uint32 *' (aka 'volatile unsigned long *') increases required alignment from 1 to 4 [-Wcast-align]
      CLEAR_BIT(*(volatile uint32 *)((volatile uint8 *)PORT_PTR + PORT_DIR_REG_OFFSET),Channel_PORT[i].pin_num);
      ~~~~~~~~~~~^~~~~~~~~~~~~~~~~~~~~~~~~~~~~~~~~~~~~~~~~~~~~~~~~~~~~~~~~~~~~~~~~~~~~~~~~~~~~~~~~~~~~~~~~~~~~~
./LIBRARIES\Common_Macros.h(20): note: expanded from macro 'CLEAR_BIT'
#define CLEAR_BIT(REG,BIT) (REG&=(~(1<<BIT)))
                            ^~~
MCAL/port.c(196): warning: cast from 'volatile uint8 *' (aka 'volatile unsigned char *') to 'volatile uint32 *' (aka 'volatile unsigned long *') increases required alignment from 1 to 4 [-Wcast-align]
        SET_BIT(*(volatile uint32 *)((volatile uint8 *)PORT_PTR + PORT_PULL_UP_REG_OFFSET ),Channel_PORT[i].pin_num);
        ~~~~~~~~~^~~~~~~~~~~~~~~~~~~~~~~~~~~~~~~~~~~~~~~~~~~~~~~~~~~~~~~~~~~~~~~~~~~~~~~~~~~~~~~~~~~~~~~~~~~~~~~~~~~
./LIBRARIES\Common_Macros.h(17): note: expanded from macro 'SET_BIT'
#define SET_BIT(REG,BIT) (REG|=(1<<BIT))
                          ^~~
MCAL/port.c(197): warning: cast from 'volatile uint8 *' (aka 'volatile unsigned char *') to 'volatile uint32 *' (aka 'volatile unsigned long *') increases required alignment from 1 to 4 [-Wcast-align]
        CLEAR_BIT(*(volatile uint32 *)((volatile uint8 *)PORT_PTR + PORT_PULL_DOWN_REG_OFFSET ),Channel_PORT[i].pin_num);
        ~~~~~~~~~~~^~~~~~~~~~~~~~~~~~~~~~~~~~~~~~~~~~~~~~~~~~~~~~~~~~~~~~~~~~~~~~~~~~~~~~~~~~~~~~~~~~~~~~~~~~~~~~~~~~~~~
./LIBRARIES\Common_Macros.h(20): note: expanded from macro 'CLEAR_BIT'
#define CLEAR_BIT(REG,BIT) (REG&=(~(1<<BIT)))
                            ^~~
MCAL/port.c(201): warning: cast from 'volatile uint8 *' (aka 'volatile unsigned char *') to 'volatile uint32 *' (aka 'volatile unsigned long *') increases required alignment from 1 to 4 [-Wcast-align]
        SET_BIT(*(volatile uint32 *)((volatile uint8 *)PORT_PTR + PORT_PULL_DOWN_REG_OFFSET ),Channel_PORT[i].pin_num);
        ~~~~~~~~~^~~~~~~~~~~~~~~~~~~~~~~~~~~~~~~~~~~~~~~~~~~~~~~~~~~~~~~~~~~~~~~~~~~~~~~~~~~~~~~~~~~~~~~~~~~~~~~~~~~~~
./LIBRARIES\Common_Macros.h(17): note: expanded from macro 'SET_BIT'
#define SET_BIT(REG,BIT) (REG|=(1<<BIT))
                          ^~~
MCAL/port.c(202): warning: cast from 'volatile uint8 *' (aka 'volatile unsigned char *') to 'volatile uint32 *' (aka 'volatile unsigned long *') increases required alignment from 1 to 4 [-Wcast-align]
        CLEAR_BIT(*(volatile uint32 *)((volatile uint8 *)PORT_PTR + PORT_PULL_UP_REG_OFFSET ),Channel_PORT[i].pin_num);
        ~~~~~~~~~~~^~~~~~~~~~~~~~~~~~~~~~~~~~~~~~~~~~~~~~~~~~~~~~~~~~~~~~~~~~~~~~~~~~~~~~~~~~~~~~~~~~~~~~~~~~~~~~~~~~~
./LIBRARIES\Common_Macros.h(20): note: expanded from macro 'CLEAR_BIT'
#define CLEAR_BIT(REG,BIT) (REG&=(~(1<<BIT)))
                            ^~~
MCAL/port.c(206): warning: cast from 'volatile uint8 *' (aka 'volatile unsigned char *') to 'volatile uint32 *' (aka 'volatile unsigned long *') increases required alignment from 1 to 4 [-Wcast-align]
        CLEAR_BIT(*(volatile uint32 *)((volatile uint8 *)PORT_PTR + PORT_PULL_UP_REG_OFFSET ),Channel_PORT[i].pin_num);
        ~~~~~~~~~~~^~~~~~~~~~~~~~~~~~~~~~~~~~~~~~~~~~~~~~~~~~~~~~~~~~~~~~~~~~~~~~~~~~~~~~~~~~~~~~~~~~~~~~~~~~~~~~~~~~~
./LIBRARIES\Common_Macros.h(20): note: expanded from macro 'CLEAR_BIT'
#define CLEAR_BIT(REG,BIT) (REG&=(~(1<<BIT)))
                            ^~~
MCAL/port.c(207): warning: cast from 'volatile uint8 *' (aka 'volatile unsigned char *') to 'volatile uint32 *' (aka 'volatile unsigned long *') increases required alignment from 1 to 4 [-Wcast-align]
        CLEAR_BIT(*(volatile uint32 *)((volatile uint8 *)PORT_PTR + PORT_PULL_DOWN_REG_OFFSET ),Channel_PORT[i].pin_num);
        ~~~~~~~~~~~^~~~~~~~~~~~~~~~~~~~~~~~~~~~~~~~~~~~~~~~~~~~~~~~~~~~~~~~~~~~~~~~~~~~~~~~~~~~~~~~~~~~~~~~~~~~~~~~~~~~~
./LIBRARIES\Common_Macros.h(20): note: expanded from macro 'CLEAR_BIT'
#define CLEAR_BIT(REG,BIT) (REG&=(~(1<<BIT)))
                            ^~~
MCAL/port.c(37): warning: mixing declarations and code is a C99 extension [-Wdeclaration-after-statement]
  volatile uint32* PORT_PTR=NULL_PTR;
                   ^
MCAL/port.c(257): warning: cast from 'volatile uint8 *' (aka 'volatile unsigned char *') to 'volatile uint32 *' (aka 'volatile unsigned long *') increases required alignment from 1 to 4 [-Wcast-align]
      *(volatile uint32 *)((volatile uint8 *)PORT_PTR + PORT_LOCK_REG_OFFSET) = 0x4C4F434B;                     /* Unlock the GPIOCR register */   
       ^~~~~~~~~~~~~~~~~~~~~~~~~~~~~~~~~~~~~~~~~~~~~~~~~~~~~~~~~~~~~~~~~~~~~~
MCAL/port.c(258): warning: cast from 'volatile uint8 *' (aka 'volatile unsigned char *') to 'volatile uint32 *' (aka 'volatile unsigned long *') increases required alignment from 1 to 4 [-Wcast-align]
      SET_BIT(*(volatile uint32 *)((volatile uint8 *)PORT_PTR + PORT_COMMIT_REG_OFFSET) , Channel_PORT[Pin].pin_num);  /* Set the corresponding bit in GPIOCR register to allow changes on this pin */
      ~~~~~~~~~^~~~~~~~~~~~~~~~~~~~~~~~~~~~~~~~~~~~~~~~~~~~~~~~~~~~~~~~~~~~~~~~~~~~~~~~~~~~~~~~~~~~~~~~~~~~~~~~~~~~~
./LIBRARIES\Common_Macros.h(17): note: expanded from macro 'SET_BIT'
#define SET_BIT(REG,BIT) (REG|=(1<<BIT))
                          ^~~
MCAL/port.c(270): warning: cast from 'volatile uint8 *' (aka 'volatile unsigned char *') to 'volatile uint32 *' (aka 'volatile unsigned long *') increases required alignment from 1 to 4 [-Wcast-align]
      SET_BIT(*(volatile uint32 *)((volatile uint8 *)PORT_PTR + PORT_DIR_REG_OFFSET) , Channel_PORT[Pin].pin_num);
      ~~~~~~~~~^~~~~~~~~~~~~~~~~~~~~~~~~~~~~~~~~~~~~~~~~~~~~~~~~~~~~~~~~~~~~~~~~~~~~~~~~~~~~~~~~~~~~~~~~~~~~~~~~~
./LIBRARIES\Common_Macros.h(17): note: expanded from macro 'SET_BIT'
#define SET_BIT(REG,BIT) (REG|=(1<<BIT))
                          ^~~
MCAL/port.c(274): warning: cast from 'volatile uint8 *' (aka 'volatile unsigned char *') to 'volatile uint32 *' (aka 'volatile unsigned long *') increases required alignment from 1 to 4 [-Wcast-align]
      CLEAR_BIT(*(volatile uint32 *)((volatile uint8 *)PORT_PTR + PORT_DIR_REG_OFFSET) , Channel_PORT[Pin].pin_num);
      ~~~~~~~~~~~^~~~~~~~~~~~~~~~~~~~~~~~~~~~~~~~~~~~~~~~~~~~~~~~~~~~~~~~~~~~~~~~~~~~~~~~~~~~~~~~~~~~~~~~~~~~~~~~~~
./LIBRARIES\Common_Macros.h(20): note: expanded from macro 'CLEAR_BIT'
#define CLEAR_BIT(REG,BIT) (REG&=(~(1<<BIT)))
                            ^~~
MCAL/port.c(294): warning: variable declaration in for loop is a C99-specific feature [-Wc99-extensions]
    for(uint8 i=0;i<PORT_CONFIGURED_CHANNLES ;i++)
        ^
MCAL/port.c(294): warning: GCC does not allow variable declarations in for loop initializers before C99 [-Wgcc-compat]
MCAL/port.c(320): warning: cast from 'volatile uint8 *' (aka 'volatile unsigned char *') to 'volatile uint32 *' (aka 'volatile unsigned long *') increases required alignment from 1 to 4 [-Wcast-align]
        *(volatile uint32 *)((volatile uint8 *)PORT_PTR + PORT_LOCK_REG_OFFSET) = 0x4C4F434B;                     /* Unlock the GPIOCR register */   
         ^~~~~~~~~~~~~~~~~~~~~~~~~~~~~~~~~~~~~~~~~~~~~~~~~~~~~~~~~~~~~~~~~~~~~~
MCAL/port.c(321): warning: cast from 'volatile uint8 *' (aka 'volatile unsigned char *') to 'volatile uint32 *' (aka 'volatile unsigned long *') increases required alignment from 1 to 4 [-Wcast-align]
        SET_BIT(*(volatile uint32 *)((volatile uint8 *)PORT_PTR + PORT_COMMIT_REG_OFFSET) , Channel_PORT[i].pin_num);  /* Set the corresponding bit in GPIOCR register to allow changes on this pin */
        ~~~~~~~~~^~~~~~~~~~~~~~~~~~~~~~~~~~~~~~~~~~~~~~~~~~~~~~~~~~~~~~~~~~~~~~~~~~~~~~~~~~~~~~~~~~~~~~~~~~~~~~~~~~~
./LIBRARIES\Common_Macros.h(17): note: expanded from macro 'SET_BIT'
#define SET_BIT(REG,BIT) (REG|=(1<<BIT))
                          ^~~
MCAL/port.c(333): warning: cast from 'volatile uint8 *' (aka 'volatile unsigned char *') to 'volatile uint32 *' (aka 'volatile unsigned long *') increases required alignment from 1 to 4 [-Wcast-align]
        SET_BIT(*(volatile uint32 *)((volatile uint8 *)PORT_PTR + PORT_DIR_REG_OFFSET),Channel_PORT[i].pin_num);
        ~~~~~~~~~^~~~~~~~~~~~~~~~~~~~~~~~~~~~~~~~~~~~~~~~~~~~~~~~~~~~~~~~~~~~~~~~~~~~~~~~~~~~~~~~~~~~~~~~~~~~~~
./LIBRARIES\Common_Macros.h(17): note: expanded from macro 'SET_BIT'
#define SET_BIT(REG,BIT) (REG|=(1<<BIT))
                          ^~~
MCAL/port.c(337): warning: cast from 'volatile uint8 *' (aka 'volatile unsigned char *') to 'volatile uint32 *' (aka 'volatile unsigned long *') increases required alignment from 1 to 4 [-Wcast-align]
        CLEAR_BIT(*(volatile uint32 *)((volatile uint8 *)PORT_PTR + PORT_DIR_REG_OFFSET),Channel_PORT[i].pin_num);
        ~~~~~~~~~~~^~~~~~~~~~~~~~~~~~~~~~~~~~~~~~~~~~~~~~~~~~~~~~~~~~~~~~~~~~~~~~~~~~~~~~~~~~~~~~~~~~~~~~~~~~~~~~
./LIBRARIES\Common_Macros.h(20): note: expanded from macro 'CLEAR_BIT'
#define CLEAR_BIT(REG,BIT) (REG&=(~(1<<BIT)))
                            ^~~
MCAL/port.c(384): warning: cast from 'volatile uint8 *' (aka 'volatile unsigned char *') to 'volatile uint32 *' (aka 'volatile unsigned long *') increases required alignment from 1 to 4 [-Wcast-align]
      *(volatile uint32 *)((volatile uint8 *)PORT_PTR + PORT_LOCK_REG_OFFSET) = 0x4C4F434B;                     /* Unlock the GPIOCR register */   
       ^~~~~~~~~~~~~~~~~~~~~~~~~~~~~~~~~~~~~~~~~~~~~~~~~~~~~~~~~~~~~~~~~~~~~~
MCAL/port.c(385): warning: cast from 'volatile uint8 *' (aka 'volatile unsigned char *') to 'volatile uint32 *' (aka 'volatile unsigned long *') increases required alignment from 1 to 4 [-Wcast-align]
      SET_BIT(*(volatile uint32 *)((volatile uint8 *)PORT_PTR + PORT_COMMIT_REG_OFFSET) , Channel_PORT[Pin].pin_num);  /* Set the corresponding bit in GPIOCR register to allow changes on this pin */
      ~~~~~~~~~^~~~~~~~~~~~~~~~~~~~~~~~~~~~~~~~~~~~~~~~~~~~~~~~~~~~~~~~~~~~~~~~~~~~~~~~~~~~~~~~~~~~~~~~~~~~~~~~~~~~~
./LIBRARIES\Common_Macros.h(17): note: expanded from macro 'SET_BIT'
#define SET_BIT(REG,BIT) (REG|=(1<<BIT))
                          ^~~
MCAL/port.c(398): warning: cast from 'volatile uint8 *' (aka 'volatile unsigned char *') to 'volatile uint32 *' (aka 'volatile unsigned long *') increases required alignment from 1 to 4 [-Wcast-align]
      SET_BIT((*(volatile uint32 *)((volatile uint8 *)PORT_PTR + PORT_ANALOG_MODE_SEL_REG_OFFSET) ), Channel_PORT[Pin].pin_num);
      ~~~~~~~~~~^~~~~~~~~~~~~~~~~~~~~~~~~~~~~~~~~~~~~~~~~~~~~~~~~~~~~~~~~~~~~~~~~~~~~~~~~~~~~~~~~~~~~~~~~~~~~~~~~~~~~~~~~~~~~~~
./LIBRARIES\Common_Macros.h(17): note: expanded from macro 'SET_BIT'
#define SET_BIT(REG,BIT) (REG|=(1<<BIT))
                          ^~~
MCAL/port.c(400): warning: cast from 'volatile uint8 *' (aka 'volatile unsigned char *') to 'volatile uint32 *' (aka 'volatile unsigned long *') increases required alignment from 1 to 4 [-Wcast-align]
      CLEAR_BIT(*(volatile uint32 *)((volatile uint8 *)PORT_PTR + PORT_DIGITAL_ENABLE_REG_OFFSET) ,Channel_PORT[Pin].pin_num );
      ~~~~~~~~~~~^~~~~~~~~~~~~~~~~~~~~~~~~~~~~~~~~~~~~~~~~~~~~~~~~~~~~~~~~~~~~~~~~~~~~~~~~~~~~~~~~~~~~~~~~~~~~~~~~~~~~~~~~~~~~
./LIBRARIES\Common_Macros.h(20): note: expanded from macro 'CLEAR_BIT'
#define CLEAR_BIT(REG,BIT) (REG&=(~(1<<BIT)))
                            ^~~
MCAL/port.c(405): warning: cast from 'volatile uint8 *' (aka 'volatile unsigned char *') to 'volatile uint32 *' (aka 'volatile unsigned long *') increases required alignment from 1 to 4 [-Wcast-align]
      CLEAR_BIT((*(volatile uint32 *)((volatile uint8 *)PORT_PTR + PORT_ANALOG_MODE_SEL_REG_OFFSET)) ,Channel_PORT[Pin].pin_num );
      ~~~~~~~~~~~~^~~~~~~~~~~~~~~~~~~~~~~~~~~~~~~~~~~~~~~~~~~~~~~~~~~~~~~~~~~~~~~~~~~~~~~~~~~~~~~~~~~~~~~~~~~~~~~~~~~~~~~~~~~~~~~
./LIBRARIES\Common_Macros.h(20): note: expanded from macro 'CLEAR_BIT'
#define CLEAR_BIT(REG,BIT) (REG&=(~(1<<BIT)))
                            ^~~
MCAL/port.c(406): warning: cast from 'volatile uint8 *' (aka 'volatile unsigned char *') to 'volatile uint32 *' (aka 'volatile unsigned long *') increases required alignment from 1 to 4 [-Wcast-align]
      SET_BIT((*(volatile uint32 *)((volatile uint8 *)PORT_PTR + PORT_DIGITAL_ENABLE_REG_OFFSET)) ,Channel_PORT[Pin].pin_num );
      ~~~~~~~~~~^~~~~~~~~~~~~~~~~~~~~~~~~~~~~~~~~~~~~~~~~~~~~~~~~~~~~~~~~~~~~~~~~~~~~~~~~~~~~~~~~~~~~~~~~~~~~~~~~~~~~~~~~~~~~~
./LIBRARIES\Common_Macros.h(17): note: expanded from macro 'SET_BIT'
#define SET_BIT(REG,BIT) (REG|=(1<<BIT))
                          ^~~
MCAL/port.c(411): warning: cast from 'volatile uint8 *' (aka 'volatile unsigned char *') to 'volatile uint32 *' (aka 'volatile unsigned long *') increases required alignment from 1 to 4 [-Wcast-align]
      CLEAR_BIT(*(volatile uint32 *)((volatile uint8 *)PORT_PTR + PORT_ALT_FUNC_REG_OFFSET) ,Channel_PORT[Pin].pin_num );
      ~~~~~~~~~~~^~~~~~~~~~~~~~~~~~~~~~~~~~~~~~~~~~~~~~~~~~~~~~~~~~~~~~~~~~~~~~~~~~~~~~~~~~~~~~~~~~~~~~~~~~~~~~~~~~~~~~~
./LIBRARIES\Common_Macros.h(20): note: expanded from macro 'CLEAR_BIT'
#define CLEAR_BIT(REG,BIT) (REG&=(~(1<<BIT)))
                            ^~~
MCAL/port.c(416): warning: cast from 'volatile uint8 *' (aka 'volatile unsigned char *') to 'volatile uint32 *' (aka 'volatile unsigned long *') increases required alignment from 1 to 4 [-Wcast-align]
      SET_BIT(*(volatile uint32 *)((volatile uint8 *)PORT_PTR + PORT_ALT_FUNC_REG_OFFSET) ,Channel_PORT[Pin].pin_num );
      ~~~~~~~~~^~~~~~~~~~~~~~~~~~~~~~~~~~~~~~~~~~~~~~~~~~~~~~~~~~~~~~~~~~~~~~~~~~~~~~~~~~~~~~~~~~~~~~~~~~~~~~~~~~~~~~~
./LIBRARIES\Common_Macros.h(17): note: expanded from macro 'SET_BIT'
#define SET_BIT(REG,BIT) (REG|=(1<<BIT))
                          ^~~
MCAL/port.c(427): warning: cast from 'volatile uint8 *' (aka 'volatile unsigned char *') to 'volatile uint32 *' (aka 'volatile unsigned long *') increases required alignment from 1 to 4 [-Wcast-align]
      *(volatile uint32 *)((volatile uint8 *)PORT_PTR + PORT_CTL_REG_OFFSET) &= ~(0x0000000F << (Channel_PORT[Pin].pin_num * 4));
       ^~~~~~~~~~~~~~~~~~~~~~~~~~~~~~~~~~~~~~~~~~~~~~~~~~~~~~~~~~~~~~~~~~~~~
MCAL/port.c(427): warning: implicit conversion changes signedness: 'int' to 'unsigned long' [-Wsign-conversion]
      *(volatile uint32 *)((volatile uint8 *)PORT_PTR + PORT_CTL_REG_OFFSET) &= ~(0x0000000F << (Channel_PORT[Pin].pin_num * 4));
                                                                             ~~ ^~~~~~~~~~~~~~~~~~~~~~~~~~~~~~~~~~~~~~~~~~~~~~~~
MCAL/port.c(431): warning: cast from 'volatile uint8 *' (aka 'volatile unsigned char *') to 'volatile uint32 *' (aka 'volatile unsigned long *') increases required alignment from 1 to 4 [-Wcast-align]
      *(volatile uint32 *)((volatile uint8 *)PORT_PTR + PORT_CTL_REG_OFFSET) |= ((uint32)PortConfig_Mode_UART << (Channel_PORT[Pin].pin_num * 4));
       ^~~~~~~~~~~~~~~~~~~~~~~~~~~~~~~~~~~~~~~~~~~~~~~~~~~~~~~~~~~~~~~~~~~~~
MCAL/port.c(437): warning: cast from 'volatile uint8 *' (aka 'volatile unsigned char *') to 'volatile uint32 *' (aka 'volatile unsigned long *') increases required alignment from 1 to 4 [-Wcast-align]
        *(volatile uint32 *)((volatile uint8 *)PORT_PTR + PORT_CTL_REG_OFFSET) |= ((uint32)PortConfig_Mode_UART << (Channel_PORT[Pin].pin_num * 4));
         ^~~~~~~~~~~~~~~~~~~~~~~~~~~~~~~~~~~~~~~~~~~~~~~~~~~~~~~~~~~~~~~~~~~~~
MCAL/port.c(441): warning: cast from 'volatile uint8 *' (aka 'volatile unsigned char *') to 'volatile uint32 *' (aka 'volatile unsigned long *') increases required alignment from 1 to 4 [-Wcast-align]
        *(volatile uint32 *)((volatile uint8 *)PORT_PTR + PORT_CTL_REG_OFFSET) |= ((uint32)PortConfig_Mode_SSI<< (Channel_PORT[Pin].pin_num * 4));
         ^~~~~~~~~~~~~~~~~~~~~~~~~~~~~~~~~~~~~~~~~~~~~~~~~~~~~~~~~~~~~~~~~~~~~
MCAL/port.c(446): warning: cast from 'volatile uint8 *' (aka 'volatile unsigned char *') to 'volatile uint32 *' (aka 'volatile unsigned long *') increases required alignment from 1 to 4 [-Wcast-align]
      *(volatile uint32 *)((volatile uint8 *)PORT_PTR + PORT_CTL_REG_OFFSET) |= ((uint32)PortConfig_Mode_I2C<< (Channel_PORT[Pin].pin_num * 4));
       ^~~~~~~~~~~~~~~~~~~~~~~~~~~~~~~~~~~~~~~~~~~~~~~~~~~~~~~~~~~~~~~~~~~~~
MCAL/port.c(452): warning: cast from 'volatile uint8 *' (aka 'volatile unsigned char *') to 'volatile uint32 *' (aka 'volatile unsigned long *') increases required alignment from 1 to 4 [-Wcast-align]
        *(volatile uint32 *)((volatile uint8 *)PORT_PTR + PORT_CTL_REG_OFFSET) |= ((uint32)PortConfig_Mode_M0FAULT << (Channel_PORT[Pin].pin_num * 4));
         ^~~~~~~~~~~~~~~~~~~~~~~~~~~~~~~~~~~~~~~~~~~~~~~~~~~~~~~~~~~~~~~~~~~~~
MCAL/port.c(456): warning: cast from 'volatile uint8 *' (aka 'volatile unsigned char *') to 'volatile uint32 *' (aka 'volatile unsigned long *') increases required alignment from 1 to 4 [-Wcast-align]
        *(volatile uint32 *)((volatile uint8 *)PORT_PTR + PORT_CTL_REG_OFFSET) |= ((uint32)PortConfig_Mode_M0PWM << (Channel_PORT[Pin].pin_num * 4));
         ^~~~~~~~~~~~~~~~~~~~~~~~~~~~~~~~~~~~~~~~~~~~~~~~~~~~~~~~~~~~~~~~~~~~~
MCAL/port.c(460): warning: cast from 'volatile uint8 *' (aka 'volatile unsigned char *') to 'volatile uint32 *' (aka 'volatile unsigned long *') increases required alignment from 1 to 4 [-Wcast-align]
      *(volatile uint32 *)((volatile uint8 *)PORT_PTR + PORT_CTL_REG_OFFSET) |= ((uint32)PortConfig_Mode_M1PWM << (Channel_PORT[Pin].pin_num * 4));
       ^~~~~~~~~~~~~~~~~~~~~~~~~~~~~~~~~~~~~~~~~~~~~~~~~~~~~~~~~~~~~~~~~~~~~
MCAL/port.c(463): warning: cast from 'volatile uint8 *' (aka 'volatile unsigned char *') to 'volatile uint32 *' (aka 'volatile unsigned long *') increases required alignment from 1 to 4 [-Wcast-align]
      *(volatile uint32 *)((volatile uint8 *)PORT_PTR + PORT_CTL_REG_OFFSET) |= ((uint32)PortConfig_Mode_IDX << (Channel_PORT[Pin].pin_num * 4));
       ^~~~~~~~~~~~~~~~~~~~~~~~~~~~~~~~~~~~~~~~~~~~~~~~~~~~~~~~~~~~~~~~~~~~~
MCAL/port.c(466): warning: cast from 'volatile uint8 *' (aka 'volatile unsigned char *') to 'volatile uint32 *' (aka 'volatile unsigned long *') increases required alignment from 1 to 4 [-Wcast-align]
      *(volatile uint32 *)((volatile uint8 *)PORT_PTR + PORT_CTL_REG_OFFSET) |= ((uint32)PortConfig_Mode_TIMER<< (Channel_PORT[Pin].pin_num * 4));
       ^~~~~~~~~~~~~~~~~~~~~~~~~~~~~~~~~~~~~~~~~~~~~~~~~~~~~~~~~~~~~~~~~~~~~
MCAL/port.c(474): warning: cast from 'volatile uint8 *' (aka 'volatile unsigned char *') to 'volatile uint32 *' (aka 'volatile unsigned long *') increases required alignment from 1 to 4 [-Wcast-align]
        *(volatile uint32 *)((volatile uint8 *)PORT_PTR + PORT_CTL_REG_OFFSET) |= ((uint32)PortConfig_Mode_CAN<< (Channel_PORT[Pin].pin_num * 4));
         ^~~~~~~~~~~~~~~~~~~~~~~~~~~~~~~~~~~~~~~~~~~~~~~~~~~~~~~~~~~~~~~~~~~~~
MCAL/port.c(480): warning: cast from 'volatile uint8 *' (aka 'volatile unsigned char *') to 'volatile uint32 *' (aka 'volatile unsigned long *') increases required alignment from 1 to 4 [-Wcast-align]
        *(volatile uint32 *)((volatile uint8 *)PORT_PTR + PORT_CTL_REG_OFFSET) |= ((uint32)PortConfig_Mode_USB<< (Channel_PORT[Pin].pin_num * 4));
         ^~~~~~~~~~~~~~~~~~~~~~~~~~~~~~~~~~~~~~~~~~~~~~~~~~~~~~~~~~~~~~~~~~~~~
MCAL/port.c(485): warning: cast from 'volatile uint8 *' (aka 'volatile unsigned char *') to 'volatile uint32 *' (aka 'volatile unsigned long *') increases required alignment from 1 to 4 [-Wcast-align]
        *(volatile uint32 *)((volatile uint8 *)PORT_PTR + PORT_CTL_REG_OFFSET) |= ((uint32)PortConfig_Mode_NMI<< (Channel_PORT[Pin].pin_num * 4));
         ^~~~~~~~~~~~~~~~~~~~~~~~~~~~~~~~~~~~~~~~~~~~~~~~~~~~~~~~~~~~~~~~~~~~~
MCAL/port.c(494): warning: no newline at end of file [-Wnewline-eof]
}
 ^
MCAL/port.c(358): warning: unused parameter 'Mode' [-Wunused-parameter]
void Port_SetPinMode(Port_PinType Pin,Port_PinModeType Mode)
                                                       ^
74 warnings generated.
compiling port.c...
assembling startup_TM4C123.s...
linking...
Program Size: Code=3642 RO-data=918 RW-data=0 ZI-data=624  
".\Objects\Blinking_LED.axf" - 0 Error(s), 178 Warning(s).

<h2>Software Packages used:</h2>

Package Vendor: ARM
                http://www.keil.com/pack/ARM.CMSIS.5.9.0.pack
                ARM.CMSIS.5.9.0
                CMSIS (Common Microcontroller Software Interface Standard)
   * Component: CORE Version: 5.6.0

Package Vendor: Keil
                http://www.keil.com/pack/Keil.TM4C_DFP.1.1.0.pack
                Keil.TM4C_DFP.1.1.0
                Texas Instruments Tiva C Series Device Support and Examples
   * Component: Startup Version: 1.0.1

<h2>Collection of Component include folders:</h2>
  ./RTE/_Target_1
  C:/Users/Youssef/AppData/Local/Arm/Packs/ARM/CMSIS/5.9.0/CMSIS/Core/Include
  C:/Users/Youssef/AppData/Local/Arm/Packs/Keil/TM4C_DFP/1.1.0/Device/Include/TM4C123

<h2>Collection of Component Files used:</h2>

   * Component: ARM::CMSIS:CORE:5.6.0

   * Component: Keil::Device:Startup:1.0.1
      Include file:  Device/Include/TM4C123/TM4C123.h
      Source file:   Device/Source/system_TM4C123.c
      Source file:   Device/Source/ARM/startup_TM4C123.s
Build Time Elapsed:  00:00:01
</pre>
</body>
</html>
