<html>
<body>
<pre>
<h1>µVision Build Log</h1>
<h2>Tool Versions:</h2>
IDE-Version: µVision V5.37.0.0
Copyright (C) 2022 ARM Ltd and ARM Germany GmbH. All rights reserved.
License Information: Youssef Youssef, Student, LIC=----
 
Tool Versions:
Toolchain:       MDK-Lite  Version: 5.37.0.0
Toolchain Path:  C:\Keil_v5\ARM\ARMCLANG\Bin
C Compiler:      ArmClang.exe V6.18
Assembler:       Armasm.exe V6.18
Linker/Locator:  ArmLink.exe V6.18
Library Manager: ArmAr.exe V6.18
Hex Converter:   FromElf.exe V6.18
CPU DLL:         SARMCM3.DLL V5.37.0.0
Dialog DLL:      DCM.DLL V1.17.5.0
Target DLL:      lmidk-agdi.dll V???
Dialog DLL:      TCM.DLL V1.56.1.0
 
<h2>Project:</h2>
D:\Engineering\Last Summer as Student\Udacity\Project1_Blinking LED\Blinking_LED_Udacity\Blinking_LED.uvprojx
Project File Date:  07/26/2022

<h2>Output:</h2>
*** Using Compiler 'V6.18', folder: 'C:\Keil_v5\ARM\ARMCLANG\Bin'
Build target 'Target 1'
GPT.c(15): warning: In file included from...
./GPT.h(17): warning: In file included from...
./LIBRARIES\tm4c123gh6pm_registers.h(4): warning: In file included from...
./LIBRARIES/Std_Types.h(16): warning: In file included from...
./LIBRARIES/Platform_Types.h(63): warning: 'long long' is an extension when C99 mode is not enabled [-Wlong-long]
typedef unsigned long long    uint64;         /*       0..18446744073709551615  */
                 ^
./LIBRARIES/Platform_Types.h(64): warning: 'long long' is an extension when C99 mode is not enabled [-Wlong-long]
typedef signed long long      sint64;         /* -9223372036854775808 .. 9223372036854775807 */
               ^
GPT.c(15): warning: In file included from...
./GPT.h(20): warning: In file included from...
./GPT_Cfg.h(17): warning: no newline at end of file [-Wnewline-eof]
#endif
      ^
GPT.c(15): warning: In file included from...
./GPT.h(21): warning: In file included from...
./GPT__Regs.h(95): warning: no newline at end of file [-Wnewline-eof]
#endif /* PORT_REGS_H */
                        ^
GPT.c(15): warning: In file included from...
./GPT.h(74): warning: commas at the end of enumerator lists are a C99-specific feature [-Wc99-extensions]
        GPT_WIDE_TIMER_B_5_32_64_BIT            ,
                                                ^
./GPT.h(82): warning: commas at the end of enumerator lists are a C99-specific feature [-Wc99-extensions]
        GPT_MODE_SLEEP  ,
                        ^
./GPT.h(93): warning: commas at the end of enumerator lists are a C99-specific feature [-Wc99-extensions]
        GPT_PWM_TIMER_MODR                              ,
                                                        ^
./GPT.h(99): warning: commas at the end of enumerator lists are a C99-specific feature [-Wc99-extensions]
        GPT_EDGE_COUNT_TIMER_MODE       =0x13,
                                             ^
./GPT.h(108): warning: padding struct 'Gpt_ConfigChannel' with 2 bytes to align 'GptChannelTickValueMax' [-Wpadded]
        Gpt_ValueType           GptChannelTickValueMax  ;
                                ^
./GPT.h(110): warning: padding struct 'Gpt_ConfigChannel' with 3 bytes to align 'GptNotifications' [-Wpadded]
        void                                            (*GptNotifications)(void);
                                                          ^
GPT.c(67): warning: no previous extern declaration for non-static variable 'LocCounter' [-Wmissing-variable-declarations]
uint8                                   LocCounter=0;
                                        ^
GPT.c(67): note: declare 'static' if the variable is not intended to be used outside of this translation unit
uint8                                   LocCounter=0;
^
GPT.c(156): warning: cast from 'volatile uint8 *' (aka 'volatile unsigned char *') to 'volatile uint32 *' (aka 'volatile unsigned long *') increases required alignment from 1 to 4 [-Wcast-align]
                        CLEAR_BIT(*(volatile uint32 *)((volatile uint8 *)LocBaseAdd + GPT_GPTMCTL_REG_OFFSET),BIT0);
                        ~~~~~~~~~~~^~~~~~~~~~~~~~~~~~~~~~~~~~~~~~~~~~~~~~~~~~~~~~~~~~~~~~~~~~~~~~~~~~~~~~~~~~~~~~~~
./LIBRARIES\Common_Macros.h(20): note: expanded from macro 'CLEAR_BIT'
#define CLEAR_BIT(REG,BIT) (REG&=(~(1<<BIT)))
                            ^~~
GPT.c(156): warning: implicit conversion changes signedness: 'int' to 'unsigned long' [-Wsign-conversion]
                        CLEAR_BIT(*(volatile uint32 *)((volatile uint8 *)LocBaseAdd + GPT_GPTMCTL_REG_OFFSET),BIT0);
                        ^~~~~~~~~~~~~~~~~~~~~~~~~~~~~~~~~~~~~~~~~~~~~~~~~~~~~~~~~~~~~~~~~~~~~~~~~~~~~~~~~~~~~~~~~~~
./LIBRARIES\Common_Macros.h(20): note: expanded from macro 'CLEAR_BIT'
#define CLEAR_BIT(REG,BIT) (REG&=(~(1<<BIT)))
                               ~~ ^~~~~~~~~
GPT.c(160): warning: cast from 'volatile uint8 *' (aka 'volatile unsigned char *') to 'volatile uint32 *' (aka 'volatile unsigned long *') increases required alignment from 1 to 4 [-Wcast-align]
                        CLEAR_BIT(*(volatile uint32 *)((volatile uint8 *)LocBaseAdd + GPT_GPTMCTL_REG_OFFSET),BIT8);
                        ~~~~~~~~~~~^~~~~~~~~~~~~~~~~~~~~~~~~~~~~~~~~~~~~~~~~~~~~~~~~~~~~~~~~~~~~~~~~~~~~~~~~~~~~~~~
./LIBRARIES\Common_Macros.h(20): note: expanded from macro 'CLEAR_BIT'
#define CLEAR_BIT(REG,BIT) (REG&=(~(1<<BIT)))
                            ^~~
GPT.c(160): warning: implicit conversion changes signedness: 'int' to 'unsigned long' [-Wsign-conversion]
                        CLEAR_BIT(*(volatile uint32 *)((volatile uint8 *)LocBaseAdd + GPT_GPTMCTL_REG_OFFSET),BIT8);
                        ^~~~~~~~~~~~~~~~~~~~~~~~~~~~~~~~~~~~~~~~~~~~~~~~~~~~~~~~~~~~~~~~~~~~~~~~~~~~~~~~~~~~~~~~~~~
./LIBRARIES\Common_Macros.h(20): note: expanded from macro 'CLEAR_BIT'
#define CLEAR_BIT(REG,BIT) (REG&=(~(1<<BIT)))
                               ~~ ^~~~~~~~~
GPT.c(164): warning: cast from 'volatile uint8 *' (aka 'volatile unsigned char *') to 'volatile uint32 *' (aka 'volatile unsigned long *') increases required alignment from 1 to 4 [-Wcast-align]
                SET_BIT         (*(volatile uint32 *)((volatile uint8 *)LocBaseAdd + GPT_GPTMCFG_REG_OFFSET),BIT2);
                ~~~~~~~~~~~~~~~~~~^~~~~~~~~~~~~~~~~~~~~~~~~~~~~~~~~~~~~~~~~~~~~~~~~~~~~~~~~~~~~~~~~~~~~~~~~~~~~~~~
./LIBRARIES\Common_Macros.h(17): note: expanded from macro 'SET_BIT'
#define SET_BIT(REG,BIT) (REG|=(1<<BIT))
                          ^~~
GPT.c(165): warning: cast from 'volatile uint8 *' (aka 'volatile unsigned char *') to 'volatile uint32 *' (aka 'volatile unsigned long *') increases required alignment from 1 to 4 [-Wcast-align]
                CLEAR_BIT       (*(volatile uint32 *)((volatile uint8 *)LocBaseAdd + GPT_GPTMCFG_REG_OFFSET),BIT1);
                ~~~~~~~~~~~~~~~~~~^~~~~~~~~~~~~~~~~~~~~~~~~~~~~~~~~~~~~~~~~~~~~~~~~~~~~~~~~~~~~~~~~~~~~~~~~~~~~~~~
./LIBRARIES\Common_Macros.h(20): note: expanded from macro 'CLEAR_BIT'
#define CLEAR_BIT(REG,BIT) (REG&=(~(1<<BIT)))
                            ^~~
GPT.c(165): warning: implicit conversion changes signedness: 'int' to 'unsigned long' [-Wsign-conversion]
                CLEAR_BIT       (*(volatile uint32 *)((volatile uint8 *)LocBaseAdd + GPT_GPTMCFG_REG_OFFSET),BIT1);
                ^~~~~~~~~~~~~~~~~~~~~~~~~~~~~~~~~~~~~~~~~~~~~~~~~~~~~~~~~~~~~~~~~~~~~~~~~~~~~~~~~~~~~~~~~~~~~~~~~~
./LIBRARIES\Common_Macros.h(20): note: expanded from macro 'CLEAR_BIT'
#define CLEAR_BIT(REG,BIT) (REG&=(~(1<<BIT)))
                               ~~ ^~~~~~~~~
GPT.c(166): warning: cast from 'volatile uint8 *' (aka 'volatile unsigned char *') to 'volatile uint32 *' (aka 'volatile unsigned long *') increases required alignment from 1 to 4 [-Wcast-align]
                CLEAR_BIT       (*(volatile uint32 *)((volatile uint8 *)LocBaseAdd + GPT_GPTMCFG_REG_OFFSET),BIT0);
                ~~~~~~~~~~~~~~~~~~^~~~~~~~~~~~~~~~~~~~~~~~~~~~~~~~~~~~~~~~~~~~~~~~~~~~~~~~~~~~~~~~~~~~~~~~~~~~~~~~
./LIBRARIES\Common_Macros.h(20): note: expanded from macro 'CLEAR_BIT'
#define CLEAR_BIT(REG,BIT) (REG&=(~(1<<BIT)))
                            ^~~
GPT.c(166): warning: implicit conversion changes signedness: 'int' to 'unsigned long' [-Wsign-conversion]
                CLEAR_BIT       (*(volatile uint32 *)((volatile uint8 *)LocBaseAdd + GPT_GPTMCFG_REG_OFFSET),BIT0);
                ^~~~~~~~~~~~~~~~~~~~~~~~~~~~~~~~~~~~~~~~~~~~~~~~~~~~~~~~~~~~~~~~~~~~~~~~~~~~~~~~~~~~~~~~~~~~~~~~~~
./LIBRARIES\Common_Macros.h(20): note: expanded from macro 'CLEAR_BIT'
#define CLEAR_BIT(REG,BIT) (REG&=(~(1<<BIT)))
                               ~~ ^~~~~~~~~
GPT.c(173): warning: cast from 'volatile uint8 *' (aka 'volatile unsigned char *') to 'volatile uint32 *' (aka 'volatile unsigned long *') increases required alignment from 1 to 4 [-Wcast-align]
                                SET_BIT                 (*(volatile uint32 *)((volatile uint8 *)LocBaseAdd + GPT_GPTMTAMR_REG_OFFSET),BIT0);
                                ~~~~~~~~~~~~~~~~~~~~~~~~~~^~~~~~~~~~~~~~~~~~~~~~~~~~~~~~~~~~~~~~~~~~~~~~~~~~~~~~~~~~~~~~~~~~~~~~~~~~~~~~~~~
./LIBRARIES\Common_Macros.h(17): note: expanded from macro 'SET_BIT'
#define SET_BIT(REG,BIT) (REG|=(1<<BIT))
                          ^~~
GPT.c(174): warning: cast from 'volatile uint8 *' (aka 'volatile unsigned char *') to 'volatile uint32 *' (aka 'volatile unsigned long *') increases required alignment from 1 to 4 [-Wcast-align]
                                CLEAR_BIT               (*(volatile uint32 *)((volatile uint8 *)LocBaseAdd + GPT_GPTMTAMR_REG_OFFSET),BIT1);
                                ~~~~~~~~~~~~~~~~~~~~~~~~~~^~~~~~~~~~~~~~~~~~~~~~~~~~~~~~~~~~~~~~~~~~~~~~~~~~~~~~~~~~~~~~~~~~~~~~~~~~~~~~~~~
./LIBRARIES\Common_Macros.h(20): note: expanded from macro 'CLEAR_BIT'
#define CLEAR_BIT(REG,BIT) (REG&=(~(1<<BIT)))
                            ^~~
GPT.c(174): warning: implicit conversion changes signedness: 'int' to 'unsigned long' [-Wsign-conversion]
                                CLEAR_BIT               (*(volatile uint32 *)((volatile uint8 *)LocBaseAdd + GPT_GPTMTAMR_REG_OFFSET),BIT1);
                                ^~~~~~~~~~~~~~~~~~~~~~~~~~~~~~~~~~~~~~~~~~~~~~~~~~~~~~~~~~~~~~~~~~~~~~~~~~~~~~~~~~~~~~~~~~~~~~~~~~~~~~~~~~~
./LIBRARIES\Common_Macros.h(20): note: expanded from macro 'CLEAR_BIT'
#define CLEAR_BIT(REG,BIT) (REG&=(~(1<<BIT)))
                               ~~ ^~~~~~~~~
GPT.c(178): warning: cast from 'volatile uint8 *' (aka 'volatile unsigned char *') to 'volatile uint32 *' (aka 'volatile unsigned long *') increases required alignment from 1 to 4 [-Wcast-align]
                                SET_BIT                 (*(volatile uint32 *)((volatile uint8 *)LocBaseAdd + GPT_GPTMTAMR_REG_OFFSET),BIT1);
                                ~~~~~~~~~~~~~~~~~~~~~~~~~~^~~~~~~~~~~~~~~~~~~~~~~~~~~~~~~~~~~~~~~~~~~~~~~~~~~~~~~~~~~~~~~~~~~~~~~~~~~~~~~~~
./LIBRARIES\Common_Macros.h(17): note: expanded from macro 'SET_BIT'
#define SET_BIT(REG,BIT) (REG|=(1<<BIT))
                          ^~~
GPT.c(179): warning: cast from 'volatile uint8 *' (aka 'volatile unsigned char *') to 'volatile uint32 *' (aka 'volatile unsigned long *') increases required alignment from 1 to 4 [-Wcast-align]
                                CLEAR_BIT               (*(volatile uint32 *)((volatile uint8 *)LocBaseAdd + GPT_GPTMTAMR_REG_OFFSET),BIT0);
                                ~~~~~~~~~~~~~~~~~~~~~~~~~~^~~~~~~~~~~~~~~~~~~~~~~~~~~~~~~~~~~~~~~~~~~~~~~~~~~~~~~~~~~~~~~~~~~~~~~~~~~~~~~~~
./LIBRARIES\Common_Macros.h(20): note: expanded from macro 'CLEAR_BIT'
#define CLEAR_BIT(REG,BIT) (REG&=(~(1<<BIT)))
                            ^~~
GPT.c(179): warning: implicit conversion changes signedness: 'int' to 'unsigned long' [-Wsign-conversion]
                                CLEAR_BIT               (*(volatile uint32 *)((volatile uint8 *)LocBaseAdd + GPT_GPTMTAMR_REG_OFFSET),BIT0);
                                ^~~~~~~~~~~~~~~~~~~~~~~~~~~~~~~~~~~~~~~~~~~~~~~~~~~~~~~~~~~~~~~~~~~~~~~~~~~~~~~~~~~~~~~~~~~~~~~~~~~~~~~~~~~
./LIBRARIES\Common_Macros.h(20): note: expanded from macro 'CLEAR_BIT'
#define CLEAR_BIT(REG,BIT) (REG&=(~(1<<BIT)))
                               ~~ ^~~~~~~~~
GPT.c(183): warning: cast from 'volatile uint8 *' (aka 'volatile unsigned char *') to 'volatile uint32 *' (aka 'volatile unsigned long *') increases required alignment from 1 to 4 [-Wcast-align]
                                SET_BIT                 (*(volatile uint32 *)((volatile uint8 *)LocBaseAdd + GPT_GPTMTAMR_REG_OFFSET),BIT1);
                                ~~~~~~~~~~~~~~~~~~~~~~~~~~^~~~~~~~~~~~~~~~~~~~~~~~~~~~~~~~~~~~~~~~~~~~~~~~~~~~~~~~~~~~~~~~~~~~~~~~~~~~~~~~~
./LIBRARIES\Common_Macros.h(17): note: expanded from macro 'SET_BIT'
#define SET_BIT(REG,BIT) (REG|=(1<<BIT))
                          ^~~
GPT.c(184): warning: cast from 'volatile uint8 *' (aka 'volatile unsigned char *') to 'volatile uint32 *' (aka 'volatile unsigned long *') increases required alignment from 1 to 4 [-Wcast-align]
                                SET_BIT                 (*(volatile uint32 *)((volatile uint8 *)LocBaseAdd + GPT_GPTMTAMR_REG_OFFSET),BIT1);                            
                                ~~~~~~~~~~~~~~~~~~~~~~~~~~^~~~~~~~~~~~~~~~~~~~~~~~~~~~~~~~~~~~~~~~~~~~~~~~~~~~~~~~~~~~~~~~~~~~~~~~~~~~~~~~~
./LIBRARIES\Common_Macros.h(17): note: expanded from macro 'SET_BIT'
#define SET_BIT(REG,BIT) (REG|=(1<<BIT))
                          ^~~
GPT.c(189): warning: cast from 'volatile uint8 *' (aka 'volatile unsigned char *') to 'volatile uint32 *' (aka 'volatile unsigned long *') increases required alignment from 1 to 4 [-Wcast-align]
                        *(volatile uint32 *)((volatile uint8 *)LocBaseAdd + GPT_GPTMTAPR_REG_OFFSET)=0xFF;
                         ^~~~~~~~~~~~~~~~~~~~~~~~~~~~~~~~~~~~~~~~~~~~~~~~~~~~~~~~~~~~~~~~~~~~~~~~~~~
GPT.c(192): warning: cast from 'volatile uint8 *' (aka 'volatile unsigned char *') to 'volatile uint32 *' (aka 'volatile unsigned long *') increases required alignment from 1 to 4 [-Wcast-align]
                                *(volatile uint32 *)((volatile uint8 *)LocBaseAdd + GPT_GPTMTAV_REG_OFFSET)=LocTicks&0xFFFF;
                                 ^~~~~~~~~~~~~~~~~~~~~~~~~~~~~~~~~~~~~~~~~~~~~~~~~~~~~~~~~~~~~~~~~~~~~~~~~~
GPT.c(196): warning: cast from 'volatile uint8 *' (aka 'volatile unsigned char *') to 'volatile uint32 *' (aka 'volatile unsigned long *') increases required alignment from 1 to 4 [-Wcast-align]
                                *(volatile uint32 *)((volatile uint8 *)LocBaseAdd + GPT_GPTMTAV_REG_OFFSET)=LocTicks;
                                 ^~~~~~~~~~~~~~~~~~~~~~~~~~~~~~~~~~~~~~~~~~~~~~~~~~~~~~~~~~~~~~~~~~~~~~~~~~
GPT.c(201): warning: cast from 'volatile uint8 *' (aka 'volatile unsigned char *') to 'volatile uint32 *' (aka 'volatile unsigned long *') increases required alignment from 1 to 4 [-Wcast-align]
                                CLEAR_BIT               (*(volatile uint32 *)((volatile uint8 *)LocBaseAdd + GPT_GPTMTAMR_REG_OFFSET),BIT4);
                                ~~~~~~~~~~~~~~~~~~~~~~~~~~^~~~~~~~~~~~~~~~~~~~~~~~~~~~~~~~~~~~~~~~~~~~~~~~~~~~~~~~~~~~~~~~~~~~~~~~~~~~~~~~~
./LIBRARIES\Common_Macros.h(20): note: expanded from macro 'CLEAR_BIT'
#define CLEAR_BIT(REG,BIT) (REG&=(~(1<<BIT)))
                            ^~~
GPT.c(201): warning: implicit conversion changes signedness: 'int' to 'unsigned long' [-Wsign-conversion]
                                CLEAR_BIT               (*(volatile uint32 *)((volatile uint8 *)LocBaseAdd + GPT_GPTMTAMR_REG_OFFSET),BIT4);
                                ^~~~~~~~~~~~~~~~~~~~~~~~~~~~~~~~~~~~~~~~~~~~~~~~~~~~~~~~~~~~~~~~~~~~~~~~~~~~~~~~~~~~~~~~~~~~~~~~~~~~~~~~~~~
./LIBRARIES\Common_Macros.h(20): note: expanded from macro 'CLEAR_BIT'
#define CLEAR_BIT(REG,BIT) (REG&=(~(1<<BIT)))
                               ~~ ^~~~~~~~~
GPT.c(205): warning: cast from 'volatile uint8 *' (aka 'volatile unsigned char *') to 'volatile uint32 *' (aka 'volatile unsigned long *') increases required alignment from 1 to 4 [-Wcast-align]
                                SET_BIT                 (*(volatile uint32 *)((volatile uint8 *)LocBaseAdd + GPT_GPTMTAMR_REG_OFFSET),BIT4);
                                ~~~~~~~~~~~~~~~~~~~~~~~~~~^~~~~~~~~~~~~~~~~~~~~~~~~~~~~~~~~~~~~~~~~~~~~~~~~~~~~~~~~~~~~~~~~~~~~~~~~~~~~~~~~
./LIBRARIES\Common_Macros.h(17): note: expanded from macro 'SET_BIT'
#define SET_BIT(REG,BIT) (REG|=(1<<BIT))
                          ^~~
GPT.c(210): warning: cast from 'volatile uint8 *' (aka 'volatile unsigned char *') to 'volatile uint32 *' (aka 'volatile unsigned long *') increases required alignment from 1 to 4 [-Wcast-align]
                                CLEAR_BIT               (*(volatile uint32 *)((volatile uint8 *)LocBaseAdd + GPT_GPTMTAMR_REG_OFFSET),BIT7);
                                ~~~~~~~~~~~~~~~~~~~~~~~~~~^~~~~~~~~~~~~~~~~~~~~~~~~~~~~~~~~~~~~~~~~~~~~~~~~~~~~~~~~~~~~~~~~~~~~~~~~~~~~~~~~
./LIBRARIES\Common_Macros.h(20): note: expanded from macro 'CLEAR_BIT'
#define CLEAR_BIT(REG,BIT) (REG&=(~(1<<BIT)))
                            ^~~
GPT.c(210): warning: implicit conversion changes signedness: 'int' to 'unsigned long' [-Wsign-conversion]
                                CLEAR_BIT               (*(volatile uint32 *)((volatile uint8 *)LocBaseAdd + GPT_GPTMTAMR_REG_OFFSET),BIT7);
                                ^~~~~~~~~~~~~~~~~~~~~~~~~~~~~~~~~~~~~~~~~~~~~~~~~~~~~~~~~~~~~~~~~~~~~~~~~~~~~~~~~~~~~~~~~~~~~~~~~~~~~~~~~~~
./LIBRARIES\Common_Macros.h(20): note: expanded from macro 'CLEAR_BIT'
#define CLEAR_BIT(REG,BIT) (REG&=(~(1<<BIT)))
                               ~~ ^~~~~~~~~
GPT.c(214): warning: cast from 'volatile uint8 *' (aka 'volatile unsigned char *') to 'volatile uint32 *' (aka 'volatile unsigned long *') increases required alignment from 1 to 4 [-Wcast-align]
                                SET_BIT                 (*(volatile uint32 *)((volatile uint8 *)LocBaseAdd + GPT_GPTMTAMR_REG_OFFSET),BIT7);                            
                                ~~~~~~~~~~~~~~~~~~~~~~~~~~^~~~~~~~~~~~~~~~~~~~~~~~~~~~~~~~~~~~~~~~~~~~~~~~~~~~~~~~~~~~~~~~~~~~~~~~~~~~~~~~~
./LIBRARIES\Common_Macros.h(17): note: expanded from macro 'SET_BIT'
#define SET_BIT(REG,BIT) (REG|=(1<<BIT))
                          ^~~
GPT.c(219): warning: cast from 'volatile uint8 *' (aka 'volatile unsigned char *') to 'volatile uint32 *' (aka 'volatile unsigned long *') increases required alignment from 1 to 4 [-Wcast-align]
                                SET_BIT                 (*(volatile uint32 *)((volatile uint8 *)LocBaseAdd + GPT_GPTMTAMR_REG_OFFSET),BIT5);    
                                ~~~~~~~~~~~~~~~~~~~~~~~~~~^~~~~~~~~~~~~~~~~~~~~~~~~~~~~~~~~~~~~~~~~~~~~~~~~~~~~~~~~~~~~~~~~~~~~~~~~~~~~~~~~
./LIBRARIES\Common_Macros.h(17): note: expanded from macro 'SET_BIT'
#define SET_BIT(REG,BIT) (REG|=(1<<BIT))
                          ^~~
GPT.c(220): warning: cast from 'volatile uint8 *' (aka 'volatile unsigned char *') to 'volatile uint32 *' (aka 'volatile unsigned long *') increases required alignment from 1 to 4 [-Wcast-align]
                                SET_BIT                 (*(volatile uint32 *)((volatile uint8 *)LocBaseAdd + GPT_GPTMTAMR_REG_OFFSET),BIT9);    
                                ~~~~~~~~~~~~~~~~~~~~~~~~~~^~~~~~~~~~~~~~~~~~~~~~~~~~~~~~~~~~~~~~~~~~~~~~~~~~~~~~~~~~~~~~~~~~~~~~~~~~~~~~~~~
./LIBRARIES\Common_Macros.h(17): note: expanded from macro 'SET_BIT'
#define SET_BIT(REG,BIT) (REG|=(1<<BIT))
                          ^~~
GPT.c(224): warning: cast from 'volatile uint8 *' (aka 'volatile unsigned char *') to 'volatile uint32 *' (aka 'volatile unsigned long *') increases required alignment from 1 to 4 [-Wcast-align]
                                CLEAR_BIT                       (*(volatile uint32 *)((volatile uint8 *)LocBaseAdd + GPT_GPTMTAMR_REG_OFFSET),BIT5);    
                                ~~~~~~~~~~~~~~~~~~~~~~~~~~~~~~~~~~^~~~~~~~~~~~~~~~~~~~~~~~~~~~~~~~~~~~~~~~~~~~~~~~~~~~~~~~~~~~~~~~~~~~~~~~~~~~~~~~~
./LIBRARIES\Common_Macros.h(20): note: expanded from macro 'CLEAR_BIT'
#define CLEAR_BIT(REG,BIT) (REG&=(~(1<<BIT)))
                            ^~~
GPT.c(224): warning: implicit conversion changes signedness: 'int' to 'unsigned long' [-Wsign-conversion]
                                CLEAR_BIT                       (*(volatile uint32 *)((volatile uint8 *)LocBaseAdd + GPT_GPTMTAMR_REG_OFFSET),BIT5);    
                                ^~~~~~~~~~~~~~~~~~~~~~~~~~~~~~~~~~~~~~~~~~~~~~~~~~~~~~~~~~~~~~~~~~~~~~~~~~~~~~~~~~~~~~~~~~~~~~~~~~~~~~~~~~~~~~~~~~~
./LIBRARIES\Common_Macros.h(20): note: expanded from macro 'CLEAR_BIT'
#define CLEAR_BIT(REG,BIT) (REG&=(~(1<<BIT)))
                               ~~ ^~~~~~~~~
GPT.c(225): warning: cast from 'volatile uint8 *' (aka 'volatile unsigned char *') to 'volatile uint32 *' (aka 'volatile unsigned long *') increases required alignment from 1 to 4 [-Wcast-align]
                                CLEAR_BIT                       (*(volatile uint32 *)((volatile uint8 *)LocBaseAdd + GPT_GPTMTAMR_REG_OFFSET),BIT9);                                    
                                ~~~~~~~~~~~~~~~~~~~~~~~~~~~~~~~~~~^~~~~~~~~~~~~~~~~~~~~~~~~~~~~~~~~~~~~~~~~~~~~~~~~~~~~~~~~~~~~~~~~~~~~~~~~~~~~~~~~
./LIBRARIES\Common_Macros.h(20): note: expanded from macro 'CLEAR_BIT'
#define CLEAR_BIT(REG,BIT) (REG&=(~(1<<BIT)))
                            ^~~
GPT.c(225): warning: implicit conversion changes signedness: 'int' to 'unsigned long' [-Wsign-conversion]
                                CLEAR_BIT                       (*(volatile uint32 *)((volatile uint8 *)LocBaseAdd + GPT_GPTMTAMR_REG_OFFSET),BIT9);                                    
                                ^~~~~~~~~~~~~~~~~~~~~~~~~~~~~~~~~~~~~~~~~~~~~~~~~~~~~~~~~~~~~~~~~~~~~~~~~~~~~~~~~~~~~~~~~~~~~~~~~~~~~~~~~~~~~~~~~~~
./LIBRARIES\Common_Macros.h(20): note: expanded from macro 'CLEAR_BIT'
#define CLEAR_BIT(REG,BIT) (REG&=(~(1<<BIT)))
                               ~~ ^~~~~~~~~
GPT.c(236): warning: cast from 'volatile uint8 *' (aka 'volatile unsigned char *') to 'volatile uint32 *' (aka 'volatile unsigned long *') increases required alignment from 1 to 4 [-Wcast-align]
                                SET_BIT                 (*(volatile uint32 *)((volatile uint8 *)LocBaseAdd + GPT_GPTMTBMR_REG_OFFSET),BIT0);
                                ~~~~~~~~~~~~~~~~~~~~~~~~~~^~~~~~~~~~~~~~~~~~~~~~~~~~~~~~~~~~~~~~~~~~~~~~~~~~~~~~~~~~~~~~~~~~~~~~~~~~~~~~~~~
./LIBRARIES\Common_Macros.h(17): note: expanded from macro 'SET_BIT'
#define SET_BIT(REG,BIT) (REG|=(1<<BIT))
                          ^~~
GPT.c(237): warning: cast from 'volatile uint8 *' (aka 'volatile unsigned char *') to 'volatile uint32 *' (aka 'volatile unsigned long *') increases required alignment from 1 to 4 [-Wcast-align]
                                CLEAR_BIT               (*(volatile uint32 *)((volatile uint8 *)LocBaseAdd + GPT_GPTMTBMR_REG_OFFSET),BIT1);
                                ~~~~~~~~~~~~~~~~~~~~~~~~~~^~~~~~~~~~~~~~~~~~~~~~~~~~~~~~~~~~~~~~~~~~~~~~~~~~~~~~~~~~~~~~~~~~~~~~~~~~~~~~~~~
./LIBRARIES\Common_Macros.h(20): note: expanded from macro 'CLEAR_BIT'
#define CLEAR_BIT(REG,BIT) (REG&=(~(1<<BIT)))
                            ^~~
GPT.c(237): warning: implicit conversion changes signedness: 'int' to 'unsigned long' [-Wsign-conversion]
                                CLEAR_BIT               (*(volatile uint32 *)((volatile uint8 *)LocBaseAdd + GPT_GPTMTBMR_REG_OFFSET),BIT1);
                                ^~~~~~~~~~~~~~~~~~~~~~~~~~~~~~~~~~~~~~~~~~~~~~~~~~~~~~~~~~~~~~~~~~~~~~~~~~~~~~~~~~~~~~~~~~~~~~~~~~~~~~~~~~~
./LIBRARIES\Common_Macros.h(20): note: expanded from macro 'CLEAR_BIT'
#define CLEAR_BIT(REG,BIT) (REG&=(~(1<<BIT)))
                               ~~ ^~~~~~~~~
GPT.c(241): warning: cast from 'volatile uint8 *' (aka 'volatile unsigned char *') to 'volatile uint32 *' (aka 'volatile unsigned long *') increases required alignment from 1 to 4 [-Wcast-align]
                                SET_BIT                 (*(volatile uint32 *)((volatile uint8 *)LocBaseAdd + GPT_GPTMTBMR_REG_OFFSET),BIT1);
                                ~~~~~~~~~~~~~~~~~~~~~~~~~~^~~~~~~~~~~~~~~~~~~~~~~~~~~~~~~~~~~~~~~~~~~~~~~~~~~~~~~~~~~~~~~~~~~~~~~~~~~~~~~~~
./LIBRARIES\Common_Macros.h(17): note: expanded from macro 'SET_BIT'
#define SET_BIT(REG,BIT) (REG|=(1<<BIT))
                          ^~~
GPT.c(242): warning: cast from 'volatile uint8 *' (aka 'volatile unsigned char *') to 'volatile uint32 *' (aka 'volatile unsigned long *') increases required alignment from 1 to 4 [-Wcast-align]
                                CLEAR_BIT               (*(volatile uint32 *)((volatile uint8 *)LocBaseAdd + GPT_GPTMTBMR_REG_OFFSET),BIT0);
                                ~~~~~~~~~~~~~~~~~~~~~~~~~~^~~~~~~~~~~~~~~~~~~~~~~~~~~~~~~~~~~~~~~~~~~~~~~~~~~~~~~~~~~~~~~~~~~~~~~~~~~~~~~~~
./LIBRARIES\Common_Macros.h(20): note: expanded from macro 'CLEAR_BIT'
#define CLEAR_BIT(REG,BIT) (REG&=(~(1<<BIT)))
                            ^~~
GPT.c(242): warning: implicit conversion changes signedness: 'int' to 'unsigned long' [-Wsign-conversion]
                                CLEAR_BIT               (*(volatile uint32 *)((volatile uint8 *)LocBaseAdd + GPT_GPTMTBMR_REG_OFFSET),BIT0);
                                ^~~~~~~~~~~~~~~~~~~~~~~~~~~~~~~~~~~~~~~~~~~~~~~~~~~~~~~~~~~~~~~~~~~~~~~~~~~~~~~~~~~~~~~~~~~~~~~~~~~~~~~~~~~
./LIBRARIES\Common_Macros.h(20): note: expanded from macro 'CLEAR_BIT'
#define CLEAR_BIT(REG,BIT) (REG&=(~(1<<BIT)))
                               ~~ ^~~~~~~~~
GPT.c(246): warning: cast from 'volatile uint8 *' (aka 'volatile unsigned char *') to 'volatile uint32 *' (aka 'volatile unsigned long *') increases required alignment from 1 to 4 [-Wcast-align]
                                SET_BIT                 (*(volatile uint32 *)((volatile uint8 *)LocBaseAdd + GPT_GPTMTBMR_REG_OFFSET),BIT1);
                                ~~~~~~~~~~~~~~~~~~~~~~~~~~^~~~~~~~~~~~~~~~~~~~~~~~~~~~~~~~~~~~~~~~~~~~~~~~~~~~~~~~~~~~~~~~~~~~~~~~~~~~~~~~~
./LIBRARIES\Common_Macros.h(17): note: expanded from macro 'SET_BIT'
#define SET_BIT(REG,BIT) (REG|=(1<<BIT))
                          ^~~
GPT.c(247): warning: cast from 'volatile uint8 *' (aka 'volatile unsigned char *') to 'volatile uint32 *' (aka 'volatile unsigned long *') increases required alignment from 1 to 4 [-Wcast-align]
                                SET_BIT                 (*(volatile uint32 *)((volatile uint8 *)LocBaseAdd + GPT_GPTMTBMR_REG_OFFSET),BIT1);                            
                                ~~~~~~~~~~~~~~~~~~~~~~~~~~^~~~~~~~~~~~~~~~~~~~~~~~~~~~~~~~~~~~~~~~~~~~~~~~~~~~~~~~~~~~~~~~~~~~~~~~~~~~~~~~~
./LIBRARIES\Common_Macros.h(17): note: expanded from macro 'SET_BIT'
#define SET_BIT(REG,BIT) (REG|=(1<<BIT))
                          ^~~
GPT.c(253): warning: cast from 'volatile uint8 *' (aka 'volatile unsigned char *') to 'volatile uint32 *' (aka 'volatile unsigned long *') increases required alignment from 1 to 4 [-Wcast-align]
                        *(volatile uint32 *)((volatile uint8 *)LocBaseAdd + GPT_GPTMTBPR_REG_OFFSET)=0xFF;
                         ^~~~~~~~~~~~~~~~~~~~~~~~~~~~~~~~~~~~~~~~~~~~~~~~~~~~~~~~~~~~~~~~~~~~~~~~~~~
GPT.c(256): warning: cast from 'volatile uint8 *' (aka 'volatile unsigned char *') to 'volatile uint32 *' (aka 'volatile unsigned long *') increases required alignment from 1 to 4 [-Wcast-align]
                                *(volatile uint32 *)((volatile uint8 *)LocBaseAdd + GPT_GPTMTBV_REG_OFFSET)=LocTicks&0xFFFF;
                                 ^~~~~~~~~~~~~~~~~~~~~~~~~~~~~~~~~~~~~~~~~~~~~~~~~~~~~~~~~~~~~~~~~~~~~~~~~~
GPT.c(260): warning: cast from 'volatile uint8 *' (aka 'volatile unsigned char *') to 'volatile uint32 *' (aka 'volatile unsigned long *') increases required alignment from 1 to 4 [-Wcast-align]
                                *(volatile uint32 *)((volatile uint8 *)LocBaseAdd + GPT_GPTMTBV_REG_OFFSET)=LocTicks;
                                 ^~~~~~~~~~~~~~~~~~~~~~~~~~~~~~~~~~~~~~~~~~~~~~~~~~~~~~~~~~~~~~~~~~~~~~~~~~
GPT.c(264): warning: cast from 'volatile uint8 *' (aka 'volatile unsigned char *') to 'volatile uint32 *' (aka 'volatile unsigned long *') increases required alignment from 1 to 4 [-Wcast-align]
                                CLEAR_BIT               (*(volatile uint32 *)((volatile uint8 *)LocBaseAdd + GPT_GPTMTBMR_REG_OFFSET),BIT4);
                                ~~~~~~~~~~~~~~~~~~~~~~~~~~^~~~~~~~~~~~~~~~~~~~~~~~~~~~~~~~~~~~~~~~~~~~~~~~~~~~~~~~~~~~~~~~~~~~~~~~~~~~~~~~~
./LIBRARIES\Common_Macros.h(20): note: expanded from macro 'CLEAR_BIT'
#define CLEAR_BIT(REG,BIT) (REG&=(~(1<<BIT)))
                            ^~~
GPT.c(264): warning: implicit conversion changes signedness: 'int' to 'unsigned long' [-Wsign-conversion]
                                CLEAR_BIT               (*(volatile uint32 *)((volatile uint8 *)LocBaseAdd + GPT_GPTMTBMR_REG_OFFSET),BIT4);
                                ^~~~~~~~~~~~~~~~~~~~~~~~~~~~~~~~~~~~~~~~~~~~~~~~~~~~~~~~~~~~~~~~~~~~~~~~~~~~~~~~~~~~~~~~~~~~~~~~~~~~~~~~~~~
./LIBRARIES\Common_Macros.h(20): note: expanded from macro 'CLEAR_BIT'
#define CLEAR_BIT(REG,BIT) (REG&=(~(1<<BIT)))
                               ~~ ^~~~~~~~~
GPT.c(268): warning: cast from 'volatile uint8 *' (aka 'volatile unsigned char *') to 'volatile uint32 *' (aka 'volatile unsigned long *') increases required alignment from 1 to 4 [-Wcast-align]
                                SET_BIT                 (*(volatile uint32 *)((volatile uint8 *)LocBaseAdd + GPT_GPTMTBMR_REG_OFFSET),BIT4);
                                ~~~~~~~~~~~~~~~~~~~~~~~~~~^~~~~~~~~~~~~~~~~~~~~~~~~~~~~~~~~~~~~~~~~~~~~~~~~~~~~~~~~~~~~~~~~~~~~~~~~~~~~~~~~
./LIBRARIES\Common_Macros.h(17): note: expanded from macro 'SET_BIT'
#define SET_BIT(REG,BIT) (REG|=(1<<BIT))
                          ^~~
GPT.c(273): warning: cast from 'volatile uint8 *' (aka 'volatile unsigned char *') to 'volatile uint32 *' (aka 'volatile unsigned long *') increases required alignment from 1 to 4 [-Wcast-align]
                                CLEAR_BIT               (*(volatile uint32 *)((volatile uint8 *)LocBaseAdd + GPT_GPTMTBMR_REG_OFFSET),BIT7);
                                ~~~~~~~~~~~~~~~~~~~~~~~~~~^~~~~~~~~~~~~~~~~~~~~~~~~~~~~~~~~~~~~~~~~~~~~~~~~~~~~~~~~~~~~~~~~~~~~~~~~~~~~~~~~
./LIBRARIES\Common_Macros.h(20): note: expanded from macro 'CLEAR_BIT'
#define CLEAR_BIT(REG,BIT) (REG&=(~(1<<BIT)))
                            ^~~
GPT.c(273): warning: implicit conversion changes signedness: 'int' to 'unsigned long' [-Wsign-conversion]
                                CLEAR_BIT               (*(volatile uint32 *)((volatile uint8 *)LocBaseAdd + GPT_GPTMTBMR_REG_OFFSET),BIT7);
                                ^~~~~~~~~~~~~~~~~~~~~~~~~~~~~~~~~~~~~~~~~~~~~~~~~~~~~~~~~~~~~~~~~~~~~~~~~~~~~~~~~~~~~~~~~~~~~~~~~~~~~~~~~~~
./LIBRARIES\Common_Macros.h(20): note: expanded from macro 'CLEAR_BIT'
#define CLEAR_BIT(REG,BIT) (REG&=(~(1<<BIT)))
                               ~~ ^~~~~~~~~
GPT.c(277): warning: cast from 'volatile uint8 *' (aka 'volatile unsigned char *') to 'volatile uint32 *' (aka 'volatile unsigned long *') increases required alignment from 1 to 4 [-Wcast-align]
                                SET_BIT                 (*(volatile uint32 *)((volatile uint8 *)LocBaseAdd + GPT_GPTMTBMR_REG_OFFSET),BIT7);                            
                                ~~~~~~~~~~~~~~~~~~~~~~~~~~^~~~~~~~~~~~~~~~~~~~~~~~~~~~~~~~~~~~~~~~~~~~~~~~~~~~~~~~~~~~~~~~~~~~~~~~~~~~~~~~~
./LIBRARIES\Common_Macros.h(17): note: expanded from macro 'SET_BIT'
#define SET_BIT(REG,BIT) (REG|=(1<<BIT))
                          ^~~
GPT.c(282): warning: cast from 'volatile uint8 *' (aka 'volatile unsigned char *') to 'volatile uint32 *' (aka 'volatile unsigned long *') increases required alignment from 1 to 4 [-Wcast-align]
                                SET_BIT                 (*(volatile uint32 *)((volatile uint8 *)LocBaseAdd + GPT_GPTMTBMR_REG_OFFSET),BIT5);    
                                ~~~~~~~~~~~~~~~~~~~~~~~~~~^~~~~~~~~~~~~~~~~~~~~~~~~~~~~~~~~~~~~~~~~~~~~~~~~~~~~~~~~~~~~~~~~~~~~~~~~~~~~~~~~
./LIBRARIES\Common_Macros.h(17): note: expanded from macro 'SET_BIT'
#define SET_BIT(REG,BIT) (REG|=(1<<BIT))
                          ^~~
GPT.c(283): warning: cast from 'volatile uint8 *' (aka 'volatile unsigned char *') to 'volatile uint32 *' (aka 'volatile unsigned long *') increases required alignment from 1 to 4 [-Wcast-align]
                                SET_BIT                 (*(volatile uint32 *)((volatile uint8 *)LocBaseAdd + GPT_GPTMTBMR_REG_OFFSET),BIT9);    
                                ~~~~~~~~~~~~~~~~~~~~~~~~~~^~~~~~~~~~~~~~~~~~~~~~~~~~~~~~~~~~~~~~~~~~~~~~~~~~~~~~~~~~~~~~~~~~~~~~~~~~~~~~~~~
./LIBRARIES\Common_Macros.h(17): note: expanded from macro 'SET_BIT'
#define SET_BIT(REG,BIT) (REG|=(1<<BIT))
                          ^~~
GPT.c(287): warning: cast from 'volatile uint8 *' (aka 'volatile unsigned char *') to 'volatile uint32 *' (aka 'volatile unsigned long *') increases required alignment from 1 to 4 [-Wcast-align]
                                CLEAR_BIT                       (*(volatile uint32 *)((volatile uint8 *)LocBaseAdd + GPT_GPTMTBMR_REG_OFFSET),BIT5);    
                                ~~~~~~~~~~~~~~~~~~~~~~~~~~~~~~~~~~^~~~~~~~~~~~~~~~~~~~~~~~~~~~~~~~~~~~~~~~~~~~~~~~~~~~~~~~~~~~~~~~~~~~~~~~~~~~~~~~~
./LIBRARIES\Common_Macros.h(20): note: expanded from macro 'CLEAR_BIT'
#define CLEAR_BIT(REG,BIT) (REG&=(~(1<<BIT)))
                            ^~~
GPT.c(287): warning: implicit conversion changes signedness: 'int' to 'unsigned long' [-Wsign-conversion]
                                CLEAR_BIT                       (*(volatile uint32 *)((volatile uint8 *)LocBaseAdd + GPT_GPTMTBMR_REG_OFFSET),BIT5);    
                                ^~~~~~~~~~~~~~~~~~~~~~~~~~~~~~~~~~~~~~~~~~~~~~~~~~~~~~~~~~~~~~~~~~~~~~~~~~~~~~~~~~~~~~~~~~~~~~~~~~~~~~~~~~~~~~~~~~~
./LIBRARIES\Common_Macros.h(20): note: expanded from macro 'CLEAR_BIT'
#define CLEAR_BIT(REG,BIT) (REG&=(~(1<<BIT)))
                               ~~ ^~~~~~~~~
GPT.c(288): warning: cast from 'volatile uint8 *' (aka 'volatile unsigned char *') to 'volatile uint32 *' (aka 'volatile unsigned long *') increases required alignment from 1 to 4 [-Wcast-align]
                                CLEAR_BIT                       (*(volatile uint32 *)((volatile uint8 *)LocBaseAdd + GPT_GPTMTBMR_REG_OFFSET),BIT9);                                    
                                ~~~~~~~~~~~~~~~~~~~~~~~~~~~~~~~~~~^~~~~~~~~~~~~~~~~~~~~~~~~~~~~~~~~~~~~~~~~~~~~~~~~~~~~~~~~~~~~~~~~~~~~~~~~~~~~~~~~
./LIBRARIES\Common_Macros.h(20): note: expanded from macro 'CLEAR_BIT'
#define CLEAR_BIT(REG,BIT) (REG&=(~(1<<BIT)))
                            ^~~
GPT.c(288): warning: implicit conversion changes signedness: 'int' to 'unsigned long' [-Wsign-conversion]
                                CLEAR_BIT                       (*(volatile uint32 *)((volatile uint8 *)LocBaseAdd + GPT_GPTMTBMR_REG_OFFSET),BIT9);                                    
                                ^~~~~~~~~~~~~~~~~~~~~~~~~~~~~~~~~~~~~~~~~~~~~~~~~~~~~~~~~~~~~~~~~~~~~~~~~~~~~~~~~~~~~~~~~~~~~~~~~~~~~~~~~~~~~~~~~~~
./LIBRARIES\Common_Macros.h(20): note: expanded from macro 'CLEAR_BIT'
#define CLEAR_BIT(REG,BIT) (REG&=(~(1<<BIT)))
                               ~~ ^~~~~~~~~
GPT.c(294): warning: cast from 'volatile uint8 *' (aka 'volatile unsigned char *') to 'volatile uint32 *' (aka 'volatile unsigned long *') increases required alignment from 1 to 4 [-Wcast-align]
                SET_BIT                 (*(volatile uint32 *)((volatile uint8 *)LocBaseAdd + GPT_GPTMICR_REG_OFFSET),BIT0);
                ~~~~~~~~~~~~~~~~~~~~~~~~~~^~~~~~~~~~~~~~~~~~~~~~~~~~~~~~~~~~~~~~~~~~~~~~~~~~~~~~~~~~~~~~~~~~~~~~~~~~~~~~~~
./LIBRARIES\Common_Macros.h(17): note: expanded from macro 'SET_BIT'
#define SET_BIT(REG,BIT) (REG|=(1<<BIT))
                          ^~~
GPT.c(322): warning: cast from 'volatile uint8 *' (aka 'volatile unsigned char *') to 'volatile uint32 *' (aka 'volatile unsigned long *') increases required alignment from 1 to 4 [-Wcast-align]
        CLEAR_BIT(*(volatile uint32 *)((volatile uint8 *)LocBaseAdd + GPT_GPTMIMR_REG_OFFSET),BIT0);
        ~~~~~~~~~~~^~~~~~~~~~~~~~~~~~~~~~~~~~~~~~~~~~~~~~~~~~~~~~~~~~~~~~~~~~~~~~~~~~~~~~~~~~~~~~~~
./LIBRARIES\Common_Macros.h(20): note: expanded from macro 'CLEAR_BIT'
#define CLEAR_BIT(REG,BIT) (REG&=(~(1<<BIT)))
                            ^~~
GPT.c(322): warning: implicit conversion changes signedness: 'int' to 'unsigned long' [-Wsign-conversion]
        CLEAR_BIT(*(volatile uint32 *)((volatile uint8 *)LocBaseAdd + GPT_GPTMIMR_REG_OFFSET),BIT0);
        ^~~~~~~~~~~~~~~~~~~~~~~~~~~~~~~~~~~~~~~~~~~~~~~~~~~~~~~~~~~~~~~~~~~~~~~~~~~~~~~~~~~~~~~~~~~
./LIBRARIES\Common_Macros.h(20): note: expanded from macro 'CLEAR_BIT'
#define CLEAR_BIT(REG,BIT) (REG&=(~(1<<BIT)))
                               ~~ ^~~~~~~~~
GPT.c(323): warning: cast from 'volatile uint8 *' (aka 'volatile unsigned char *') to 'volatile uint32 *' (aka 'volatile unsigned long *') increases required alignment from 1 to 4 [-Wcast-align]
        CLEAR_BIT(*(volatile uint32 *)((volatile uint8 *)LocBaseAdd + GPT_GPTMIMR_REG_OFFSET),BIT1);
        ~~~~~~~~~~~^~~~~~~~~~~~~~~~~~~~~~~~~~~~~~~~~~~~~~~~~~~~~~~~~~~~~~~~~~~~~~~~~~~~~~~~~~~~~~~~
./LIBRARIES\Common_Macros.h(20): note: expanded from macro 'CLEAR_BIT'
#define CLEAR_BIT(REG,BIT) (REG&=(~(1<<BIT)))
                            ^~~
GPT.c(323): warning: implicit conversion changes signedness: 'int' to 'unsigned long' [-Wsign-conversion]
        CLEAR_BIT(*(volatile uint32 *)((volatile uint8 *)LocBaseAdd + GPT_GPTMIMR_REG_OFFSET),BIT1);
        ^~~~~~~~~~~~~~~~~~~~~~~~~~~~~~~~~~~~~~~~~~~~~~~~~~~~~~~~~~~~~~~~~~~~~~~~~~~~~~~~~~~~~~~~~~~
./LIBRARIES\Common_Macros.h(20): note: expanded from macro 'CLEAR_BIT'
#define CLEAR_BIT(REG,BIT) (REG&=(~(1<<BIT)))
                               ~~ ^~~~~~~~~
GPT.c(324): warning: cast from 'volatile uint8 *' (aka 'volatile unsigned char *') to 'volatile uint32 *' (aka 'volatile unsigned long *') increases required alignment from 1 to 4 [-Wcast-align]
        CLEAR_BIT(*(volatile uint32 *)((volatile uint8 *)LocBaseAdd + GPT_GPTMIMR_REG_OFFSET),BIT2);
        ~~~~~~~~~~~^~~~~~~~~~~~~~~~~~~~~~~~~~~~~~~~~~~~~~~~~~~~~~~~~~~~~~~~~~~~~~~~~~~~~~~~~~~~~~~~
./LIBRARIES\Common_Macros.h(20): note: expanded from macro 'CLEAR_BIT'
#define CLEAR_BIT(REG,BIT) (REG&=(~(1<<BIT)))
                            ^~~
GPT.c(324): warning: implicit conversion changes signedness: 'int' to 'unsigned long' [-Wsign-conversion]
        CLEAR_BIT(*(volatile uint32 *)((volatile uint8 *)LocBaseAdd + GPT_GPTMIMR_REG_OFFSET),BIT2);
        ^~~~~~~~~~~~~~~~~~~~~~~~~~~~~~~~~~~~~~~~~~~~~~~~~~~~~~~~~~~~~~~~~~~~~~~~~~~~~~~~~~~~~~~~~~~
./LIBRARIES\Common_Macros.h(20): note: expanded from macro 'CLEAR_BIT'
#define CLEAR_BIT(REG,BIT) (REG&=(~(1<<BIT)))
                               ~~ ^~~~~~~~~
GPT.c(325): warning: cast from 'volatile uint8 *' (aka 'volatile unsigned char *') to 'volatile uint32 *' (aka 'volatile unsigned long *') increases required alignment from 1 to 4 [-Wcast-align]
        CLEAR_BIT(*(volatile uint32 *)((volatile uint8 *)LocBaseAdd + GPT_GPTMIMR_REG_OFFSET),BIT3);
        ~~~~~~~~~~~^~~~~~~~~~~~~~~~~~~~~~~~~~~~~~~~~~~~~~~~~~~~~~~~~~~~~~~~~~~~~~~~~~~~~~~~~~~~~~~~
./LIBRARIES\Common_Macros.h(20): note: expanded from macro 'CLEAR_BIT'
#define CLEAR_BIT(REG,BIT) (REG&=(~(1<<BIT)))
                            ^~~
GPT.c(325): warning: implicit conversion changes signedness: 'int' to 'unsigned long' [-Wsign-conversion]
        CLEAR_BIT(*(volatile uint32 *)((volatile uint8 *)LocBaseAdd + GPT_GPTMIMR_REG_OFFSET),BIT3);
        ^~~~~~~~~~~~~~~~~~~~~~~~~~~~~~~~~~~~~~~~~~~~~~~~~~~~~~~~~~~~~~~~~~~~~~~~~~~~~~~~~~~~~~~~~~~
./LIBRARIES\Common_Macros.h(20): note: expanded from macro 'CLEAR_BIT'
#define CLEAR_BIT(REG,BIT) (REG&=(~(1<<BIT)))
                               ~~ ^~~~~~~~~
GPT.c(326): warning: cast from 'volatile uint8 *' (aka 'volatile unsigned char *') to 'volatile uint32 *' (aka 'volatile unsigned long *') increases required alignment from 1 to 4 [-Wcast-align]
        CLEAR_BIT(*(volatile uint32 *)((volatile uint8 *)LocBaseAdd + GPT_GPTMIMR_REG_OFFSET),BIT4);
        ~~~~~~~~~~~^~~~~~~~~~~~~~~~~~~~~~~~~~~~~~~~~~~~~~~~~~~~~~~~~~~~~~~~~~~~~~~~~~~~~~~~~~~~~~~~
./LIBRARIES\Common_Macros.h(20): note: expanded from macro 'CLEAR_BIT'
#define CLEAR_BIT(REG,BIT) (REG&=(~(1<<BIT)))
                            ^~~
GPT.c(326): warning: implicit conversion changes signedness: 'int' to 'unsigned long' [-Wsign-conversion]
        CLEAR_BIT(*(volatile uint32 *)((volatile uint8 *)LocBaseAdd + GPT_GPTMIMR_REG_OFFSET),BIT4);
        ^~~~~~~~~~~~~~~~~~~~~~~~~~~~~~~~~~~~~~~~~~~~~~~~~~~~~~~~~~~~~~~~~~~~~~~~~~~~~~~~~~~~~~~~~~~
./LIBRARIES\Common_Macros.h(20): note: expanded from macro 'CLEAR_BIT'
#define CLEAR_BIT(REG,BIT) (REG&=(~(1<<BIT)))
                               ~~ ^~~~~~~~~
GPT.c(328): warning: cast from 'volatile uint8 *' (aka 'volatile unsigned char *') to 'volatile uint32 *' (aka 'volatile unsigned long *') increases required alignment from 1 to 4 [-Wcast-align]
        CLEAR_BIT(*(volatile uint32 *)((volatile uint8 *)LocBaseAdd + GPT_GPTMIMR_REG_OFFSET),BIT8);
        ~~~~~~~~~~~^~~~~~~~~~~~~~~~~~~~~~~~~~~~~~~~~~~~~~~~~~~~~~~~~~~~~~~~~~~~~~~~~~~~~~~~~~~~~~~~
./LIBRARIES\Common_Macros.h(20): note: expanded from macro 'CLEAR_BIT'
#define CLEAR_BIT(REG,BIT) (REG&=(~(1<<BIT)))
                            ^~~
GPT.c(328): warning: implicit conversion changes signedness: 'int' to 'unsigned long' [-Wsign-conversion]
        CLEAR_BIT(*(volatile uint32 *)((volatile uint8 *)LocBaseAdd + GPT_GPTMIMR_REG_OFFSET),BIT8);
        ^~~~~~~~~~~~~~~~~~~~~~~~~~~~~~~~~~~~~~~~~~~~~~~~~~~~~~~~~~~~~~~~~~~~~~~~~~~~~~~~~~~~~~~~~~~
./LIBRARIES\Common_Macros.h(20): note: expanded from macro 'CLEAR_BIT'
#define CLEAR_BIT(REG,BIT) (REG&=(~(1<<BIT)))
                               ~~ ^~~~~~~~~
GPT.c(329): warning: cast from 'volatile uint8 *' (aka 'volatile unsigned char *') to 'volatile uint32 *' (aka 'volatile unsigned long *') increases required alignment from 1 to 4 [-Wcast-align]
        CLEAR_BIT(*(volatile uint32 *)((volatile uint8 *)LocBaseAdd + GPT_GPTMIMR_REG_OFFSET),BIT9);
        ~~~~~~~~~~~^~~~~~~~~~~~~~~~~~~~~~~~~~~~~~~~~~~~~~~~~~~~~~~~~~~~~~~~~~~~~~~~~~~~~~~~~~~~~~~~
./LIBRARIES\Common_Macros.h(20): note: expanded from macro 'CLEAR_BIT'
#define CLEAR_BIT(REG,BIT) (REG&=(~(1<<BIT)))
                            ^~~
GPT.c(329): warning: implicit conversion changes signedness: 'int' to 'unsigned long' [-Wsign-conversion]
        CLEAR_BIT(*(volatile uint32 *)((volatile uint8 *)LocBaseAdd + GPT_GPTMIMR_REG_OFFSET),BIT9);
        ^~~~~~~~~~~~~~~~~~~~~~~~~~~~~~~~~~~~~~~~~~~~~~~~~~~~~~~~~~~~~~~~~~~~~~~~~~~~~~~~~~~~~~~~~~~
./LIBRARIES\Common_Macros.h(20): note: expanded from macro 'CLEAR_BIT'
#define CLEAR_BIT(REG,BIT) (REG&=(~(1<<BIT)))
                               ~~ ^~~~~~~~~
GPT.c(330): warning: cast from 'volatile uint8 *' (aka 'volatile unsigned char *') to 'volatile uint32 *' (aka 'volatile unsigned long *') increases required alignment from 1 to 4 [-Wcast-align]
        CLEAR_BIT(*(volatile uint32 *)((volatile uint8 *)LocBaseAdd + GPT_GPTMIMR_REG_OFFSET),BIT10);
        ~~~~~~~~~~~^~~~~~~~~~~~~~~~~~~~~~~~~~~~~~~~~~~~~~~~~~~~~~~~~~~~~~~~~~~~~~~~~~~~~~~~~~~~~~~~~
./LIBRARIES\Common_Macros.h(20): note: expanded from macro 'CLEAR_BIT'
#define CLEAR_BIT(REG,BIT) (REG&=(~(1<<BIT)))
                            ^~~
GPT.c(330): warning: implicit conversion changes signedness: 'int' to 'unsigned long' [-Wsign-conversion]
        CLEAR_BIT(*(volatile uint32 *)((volatile uint8 *)LocBaseAdd + GPT_GPTMIMR_REG_OFFSET),BIT10);
        ^~~~~~~~~~~~~~~~~~~~~~~~~~~~~~~~~~~~~~~~~~~~~~~~~~~~~~~~~~~~~~~~~~~~~~~~~~~~~~~~~~~~~~~~~~~~
./LIBRARIES\Common_Macros.h(20): note: expanded from macro 'CLEAR_BIT'
#define CLEAR_BIT(REG,BIT) (REG&=(~(1<<BIT)))
                               ~~ ^~~~~~~~~
GPT.c(331): warning: cast from 'volatile uint8 *' (aka 'volatile unsigned char *') to 'volatile uint32 *' (aka 'volatile unsigned long *') increases required alignment from 1 to 4 [-Wcast-align]
        CLEAR_BIT(*(volatile uint32 *)((volatile uint8 *)LocBaseAdd + GPT_GPTMIMR_REG_OFFSET),BIT11);
        ~~~~~~~~~~~^~~~~~~~~~~~~~~~~~~~~~~~~~~~~~~~~~~~~~~~~~~~~~~~~~~~~~~~~~~~~~~~~~~~~~~~~~~~~~~~~
./LIBRARIES\Common_Macros.h(20): note: expanded from macro 'CLEAR_BIT'
#define CLEAR_BIT(REG,BIT) (REG&=(~(1<<BIT)))
                            ^~~
GPT.c(331): warning: implicit conversion changes signedness: 'int' to 'unsigned long' [-Wsign-conversion]
        CLEAR_BIT(*(volatile uint32 *)((volatile uint8 *)LocBaseAdd + GPT_GPTMIMR_REG_OFFSET),BIT11);
        ^~~~~~~~~~~~~~~~~~~~~~~~~~~~~~~~~~~~~~~~~~~~~~~~~~~~~~~~~~~~~~~~~~~~~~~~~~~~~~~~~~~~~~~~~~~~
./LIBRARIES\Common_Macros.h(20): note: expanded from macro 'CLEAR_BIT'
#define CLEAR_BIT(REG,BIT) (REG&=(~(1<<BIT)))
                               ~~ ^~~~~~~~~
GPT.c(333): warning: cast from 'volatile uint8 *' (aka 'volatile unsigned char *') to 'volatile uint32 *' (aka 'volatile unsigned long *') increases required alignment from 1 to 4 [-Wcast-align]
        CLEAR_BIT(*(volatile uint32 *)((volatile uint8 *)LocBaseAdd + GPT_GPTMIMR_REG_OFFSET),BIT16);
        ~~~~~~~~~~~^~~~~~~~~~~~~~~~~~~~~~~~~~~~~~~~~~~~~~~~~~~~~~~~~~~~~~~~~~~~~~~~~~~~~~~~~~~~~~~~~
./LIBRARIES\Common_Macros.h(20): note: expanded from macro 'CLEAR_BIT'
#define CLEAR_BIT(REG,BIT) (REG&=(~(1<<BIT)))
                            ^~~
GPT.c(333): warning: implicit conversion changes signedness: 'int' to 'unsigned long' [-Wsign-conversion]
        CLEAR_BIT(*(volatile uint32 *)((volatile uint8 *)LocBaseAdd + GPT_GPTMIMR_REG_OFFSET),BIT16);
        ^~~~~~~~~~~~~~~~~~~~~~~~~~~~~~~~~~~~~~~~~~~~~~~~~~~~~~~~~~~~~~~~~~~~~~~~~~~~~~~~~~~~~~~~~~~~
./LIBRARIES\Common_Macros.h(20): note: expanded from macro 'CLEAR_BIT'
#define CLEAR_BIT(REG,BIT) (REG&=(~(1<<BIT)))
                               ~~ ^~~~~~~~~
GPT.c(355): warning: cast from 'volatile uint8 *' (aka 'volatile unsigned char *') to 'volatile uint32 *' (aka 'volatile unsigned long *') increases required alignment from 1 to 4 [-Wcast-align]
        SET_BIT(*(volatile uint32 *)((volatile uint8 *)LocBaseAdd + GPT_GPTMIMR_REG_OFFSET),BIT0);
        ~~~~~~~~~^~~~~~~~~~~~~~~~~~~~~~~~~~~~~~~~~~~~~~~~~~~~~~~~~~~~~~~~~~~~~~~~~~~~~~~~~~~~~~~~
./LIBRARIES\Common_Macros.h(17): note: expanded from macro 'SET_BIT'
#define SET_BIT(REG,BIT) (REG|=(1<<BIT))
                          ^~~
GPT.c(356): warning: cast from 'volatile uint8 *' (aka 'volatile unsigned char *') to 'volatile uint32 *' (aka 'volatile unsigned long *') increases required alignment from 1 to 4 [-Wcast-align]
        SET_BIT(*(volatile uint32 *)((volatile uint8 *)LocBaseAdd + GPT_GPTMIMR_REG_OFFSET),BIT1);
        ~~~~~~~~~^~~~~~~~~~~~~~~~~~~~~~~~~~~~~~~~~~~~~~~~~~~~~~~~~~~~~~~~~~~~~~~~~~~~~~~~~~~~~~~~
./LIBRARIES\Common_Macros.h(17): note: expanded from macro 'SET_BIT'
#define SET_BIT(REG,BIT) (REG|=(1<<BIT))
                          ^~~
GPT.c(357): warning: cast from 'volatile uint8 *' (aka 'volatile unsigned char *') to 'volatile uint32 *' (aka 'volatile unsigned long *') increases required alignment from 1 to 4 [-Wcast-align]
        SET_BIT(*(volatile uint32 *)((volatile uint8 *)LocBaseAdd + GPT_GPTMIMR_REG_OFFSET),BIT2);
        ~~~~~~~~~^~~~~~~~~~~~~~~~~~~~~~~~~~~~~~~~~~~~~~~~~~~~~~~~~~~~~~~~~~~~~~~~~~~~~~~~~~~~~~~~
./LIBRARIES\Common_Macros.h(17): note: expanded from macro 'SET_BIT'
#define SET_BIT(REG,BIT) (REG|=(1<<BIT))
                          ^~~
GPT.c(358): warning: cast from 'volatile uint8 *' (aka 'volatile unsigned char *') to 'volatile uint32 *' (aka 'volatile unsigned long *') increases required alignment from 1 to 4 [-Wcast-align]
        SET_BIT(*(volatile uint32 *)((volatile uint8 *)LocBaseAdd + GPT_GPTMIMR_REG_OFFSET),BIT3);
        ~~~~~~~~~^~~~~~~~~~~~~~~~~~~~~~~~~~~~~~~~~~~~~~~~~~~~~~~~~~~~~~~~~~~~~~~~~~~~~~~~~~~~~~~~
./LIBRARIES\Common_Macros.h(17): note: expanded from macro 'SET_BIT'
#define SET_BIT(REG,BIT) (REG|=(1<<BIT))
                          ^~~
GPT.c(359): warning: cast from 'volatile uint8 *' (aka 'volatile unsigned char *') to 'volatile uint32 *' (aka 'volatile unsigned long *') increases required alignment from 1 to 4 [-Wcast-align]
        SET_BIT(*(volatile uint32 *)((volatile uint8 *)LocBaseAdd + GPT_GPTMIMR_REG_OFFSET),BIT4);
        ~~~~~~~~~^~~~~~~~~~~~~~~~~~~~~~~~~~~~~~~~~~~~~~~~~~~~~~~~~~~~~~~~~~~~~~~~~~~~~~~~~~~~~~~~
./LIBRARIES\Common_Macros.h(17): note: expanded from macro 'SET_BIT'
#define SET_BIT(REG,BIT) (REG|=(1<<BIT))
                          ^~~
GPT.c(361): warning: cast from 'volatile uint8 *' (aka 'volatile unsigned char *') to 'volatile uint32 *' (aka 'volatile unsigned long *') increases required alignment from 1 to 4 [-Wcast-align]
        SET_BIT(*(volatile uint32 *)((volatile uint8 *)LocBaseAdd + GPT_GPTMIMR_REG_OFFSET),BIT8);
        ~~~~~~~~~^~~~~~~~~~~~~~~~~~~~~~~~~~~~~~~~~~~~~~~~~~~~~~~~~~~~~~~~~~~~~~~~~~~~~~~~~~~~~~~~
./LIBRARIES\Common_Macros.h(17): note: expanded from macro 'SET_BIT'
#define SET_BIT(REG,BIT) (REG|=(1<<BIT))
                          ^~~
GPT.c(362): warning: cast from 'volatile uint8 *' (aka 'volatile unsigned char *') to 'volatile uint32 *' (aka 'volatile unsigned long *') increases required alignment from 1 to 4 [-Wcast-align]
        SET_BIT(*(volatile uint32 *)((volatile uint8 *)LocBaseAdd + GPT_GPTMIMR_REG_OFFSET),BIT9);
        ~~~~~~~~~^~~~~~~~~~~~~~~~~~~~~~~~~~~~~~~~~~~~~~~~~~~~~~~~~~~~~~~~~~~~~~~~~~~~~~~~~~~~~~~~
./LIBRARIES\Common_Macros.h(17): note: expanded from macro 'SET_BIT'
#define SET_BIT(REG,BIT) (REG|=(1<<BIT))
                          ^~~
GPT.c(363): warning: cast from 'volatile uint8 *' (aka 'volatile unsigned char *') to 'volatile uint32 *' (aka 'volatile unsigned long *') increases required alignment from 1 to 4 [-Wcast-align]
        SET_BIT(*(volatile uint32 *)((volatile uint8 *)LocBaseAdd + GPT_GPTMIMR_REG_OFFSET),BIT10);
        ~~~~~~~~~^~~~~~~~~~~~~~~~~~~~~~~~~~~~~~~~~~~~~~~~~~~~~~~~~~~~~~~~~~~~~~~~~~~~~~~~~~~~~~~~~
./LIBRARIES\Common_Macros.h(17): note: expanded from macro 'SET_BIT'
#define SET_BIT(REG,BIT) (REG|=(1<<BIT))
                          ^~~
GPT.c(364): warning: cast from 'volatile uint8 *' (aka 'volatile unsigned char *') to 'volatile uint32 *' (aka 'volatile unsigned long *') increases required alignment from 1 to 4 [-Wcast-align]
        SET_BIT(*(volatile uint32 *)((volatile uint8 *)LocBaseAdd + GPT_GPTMIMR_REG_OFFSET),BIT11);
        ~~~~~~~~~^~~~~~~~~~~~~~~~~~~~~~~~~~~~~~~~~~~~~~~~~~~~~~~~~~~~~~~~~~~~~~~~~~~~~~~~~~~~~~~~~
./LIBRARIES\Common_Macros.h(17): note: expanded from macro 'SET_BIT'
#define SET_BIT(REG,BIT) (REG|=(1<<BIT))
                          ^~~
GPT.c(366): warning: cast from 'volatile uint8 *' (aka 'volatile unsigned char *') to 'volatile uint32 *' (aka 'volatile unsigned long *') increases required alignment from 1 to 4 [-Wcast-align]
        SET_BIT(*(volatile uint32 *)((volatile uint8 *)LocBaseAdd + GPT_GPTMIMR_REG_OFFSET),BIT16);
        ~~~~~~~~~^~~~~~~~~~~~~~~~~~~~~~~~~~~~~~~~~~~~~~~~~~~~~~~~~~~~~~~~~~~~~~~~~~~~~~~~~~~~~~~~~
./LIBRARIES\Common_Macros.h(17): note: expanded from macro 'SET_BIT'
#define SET_BIT(REG,BIT) (REG|=(1<<BIT))
                          ^~~
GPT.c(398): warning: cast from 'volatile uint8 *' (aka 'volatile unsigned char *') to 'volatile uint32 *' (aka 'volatile unsigned long *') increases required alignment from 1 to 4 [-Wcast-align]
                SET_BIT(*(volatile uint32 *)((volatile uint8 *)LocBaseAdd + GPT_GPTMTAMR_REG_OFFSET),BIT5);
                ~~~~~~~~~^~~~~~~~~~~~~~~~~~~~~~~~~~~~~~~~~~~~~~~~~~~~~~~~~~~~~~~~~~~~~~~~~~~~~~~~~~~~~~~~~
./LIBRARIES\Common_Macros.h(17): note: expanded from macro 'SET_BIT'
#define SET_BIT(REG,BIT) (REG|=(1<<BIT))
                          ^~~
GPT.c(399): warning: cast from 'volatile uint8 *' (aka 'volatile unsigned char *') to 'volatile uint32 *' (aka 'volatile unsigned long *') increases required alignment from 1 to 4 [-Wcast-align]
                SET_BIT(*(volatile uint32 *)((volatile uint8 *)LocBaseAdd + GPT_GPTMCTL_REG_OFFSET),BIT0);
                ~~~~~~~~~^~~~~~~~~~~~~~~~~~~~~~~~~~~~~~~~~~~~~~~~~~~~~~~~~~~~~~~~~~~~~~~~~~~~~~~~~~~~~~~~
./LIBRARIES\Common_Macros.h(17): note: expanded from macro 'SET_BIT'
#define SET_BIT(REG,BIT) (REG|=(1<<BIT))
                          ^~~
GPT.c(403): warning: cast from 'volatile uint8 *' (aka 'volatile unsigned char *') to 'volatile uint32 *' (aka 'volatile unsigned long *') increases required alignment from 1 to 4 [-Wcast-align]
                                *(volatile uint32 *)((volatile uint8 *)LocBaseAdd + GPT_GPTMTAV_REG_OFFSET)=Value&0xFFFF;
                                 ^~~~~~~~~~~~~~~~~~~~~~~~~~~~~~~~~~~~~~~~~~~~~~~~~~~~~~~~~~~~~~~~~~~~~~~~~~
GPT.c(407): warning: cast from 'volatile uint8 *' (aka 'volatile unsigned char *') to 'volatile uint32 *' (aka 'volatile unsigned long *') increases required alignment from 1 to 4 [-Wcast-align]
                                *(volatile uint32 *)((volatile uint8 *)LocBaseAdd + GPT_GPTMTAV_REG_OFFSET)=Value;
                                 ^~~~~~~~~~~~~~~~~~~~~~~~~~~~~~~~~~~~~~~~~~~~~~~~~~~~~~~~~~~~~~~~~~~~~~~~~~
GPT.c(413): warning: cast from 'volatile uint8 *' (aka 'volatile unsigned char *') to 'volatile uint32 *' (aka 'volatile unsigned long *') increases required alignment from 1 to 4 [-Wcast-align]
                SET_BIT(*(volatile uint32 *)((volatile uint8 *)LocBaseAdd + GPT_GPTMTBMR_REG_OFFSET),BIT5);
                ~~~~~~~~~^~~~~~~~~~~~~~~~~~~~~~~~~~~~~~~~~~~~~~~~~~~~~~~~~~~~~~~~~~~~~~~~~~~~~~~~~~~~~~~~~
./LIBRARIES\Common_Macros.h(17): note: expanded from macro 'SET_BIT'
#define SET_BIT(REG,BIT) (REG|=(1<<BIT))
                          ^~~
GPT.c(414): warning: cast from 'volatile uint8 *' (aka 'volatile unsigned char *') to 'volatile uint32 *' (aka 'volatile unsigned long *') increases required alignment from 1 to 4 [-Wcast-align]
                SET_BIT(*(volatile uint32 *)((volatile uint8 *)LocBaseAdd + GPT_GPTMCTL_REG_OFFSET),BIT8);
                ~~~~~~~~~^~~~~~~~~~~~~~~~~~~~~~~~~~~~~~~~~~~~~~~~~~~~~~~~~~~~~~~~~~~~~~~~~~~~~~~~~~~~~~~~
./LIBRARIES\Common_Macros.h(17): note: expanded from macro 'SET_BIT'
#define SET_BIT(REG,BIT) (REG|=(1<<BIT))
                          ^~~
GPT.c(418): warning: cast from 'volatile uint8 *' (aka 'volatile unsigned char *') to 'volatile uint32 *' (aka 'volatile unsigned long *') increases required alignment from 1 to 4 [-Wcast-align]
                                *(volatile uint32 *)((volatile uint8 *)LocBaseAdd + GPT_GPTMTBV_REG_OFFSET)=Value&0xFFFF;
                                 ^~~~~~~~~~~~~~~~~~~~~~~~~~~~~~~~~~~~~~~~~~~~~~~~~~~~~~~~~~~~~~~~~~~~~~~~~~
GPT.c(422): warning: cast from 'volatile uint8 *' (aka 'volatile unsigned char *') to 'volatile uint32 *' (aka 'volatile unsigned long *') increases required alignment from 1 to 4 [-Wcast-align]
                                *(volatile uint32 *)((volatile uint8 *)LocBaseAdd + GPT_GPTMTBV_REG_OFFSET)=Value;
                                 ^~~~~~~~~~~~~~~~~~~~~~~~~~~~~~~~~~~~~~~~~~~~~~~~~~~~~~~~~~~~~~~~~~~~~~~~~~
GPT.c(453): warning: cast from 'volatile uint8 *' (aka 'volatile unsigned char *') to 'volatile uint32 *' (aka 'volatile unsigned long *') increases required alignment from 1 to 4 [-Wcast-align]
                CLEAR_BIT(*(volatile uint32 *)((volatile uint8 *)LocBaseAdd + GPT_GPTMCTL_REG_OFFSET),BIT0);
                ~~~~~~~~~~~^~~~~~~~~~~~~~~~~~~~~~~~~~~~~~~~~~~~~~~~~~~~~~~~~~~~~~~~~~~~~~~~~~~~~~~~~~~~~~~~
./LIBRARIES\Common_Macros.h(20): note: expanded from macro 'CLEAR_BIT'
#define CLEAR_BIT(REG,BIT) (REG&=(~(1<<BIT)))
                            ^~~
GPT.c(453): warning: implicit conversion changes signedness: 'int' to 'unsigned long' [-Wsign-conversion]
                CLEAR_BIT(*(volatile uint32 *)((volatile uint8 *)LocBaseAdd + GPT_GPTMCTL_REG_OFFSET),BIT0);
                ^~~~~~~~~~~~~~~~~~~~~~~~~~~~~~~~~~~~~~~~~~~~~~~~~~~~~~~~~~~~~~~~~~~~~~~~~~~~~~~~~~~~~~~~~~~
./LIBRARIES\Common_Macros.h(20): note: expanded from macro 'CLEAR_BIT'
#define CLEAR_BIT(REG,BIT) (REG&=(~(1<<BIT)))
                               ~~ ^~~~~~~~~
GPT.c(457): warning: cast from 'volatile uint8 *' (aka 'volatile unsigned char *') to 'volatile uint32 *' (aka 'volatile unsigned long *') increases required alignment from 1 to 4 [-Wcast-align]
                CLEAR_BIT(*(volatile uint32 *)((volatile uint8 *)LocBaseAdd + GPT_GPTMCTL_REG_OFFSET),BIT8);
                ~~~~~~~~~~~^~~~~~~~~~~~~~~~~~~~~~~~~~~~~~~~~~~~~~~~~~~~~~~~~~~~~~~~~~~~~~~~~~~~~~~~~~~~~~~~
./LIBRARIES\Common_Macros.h(20): note: expanded from macro 'CLEAR_BIT'
#define CLEAR_BIT(REG,BIT) (REG&=(~(1<<BIT)))
                            ^~~
GPT.c(457): warning: implicit conversion changes signedness: 'int' to 'unsigned long' [-Wsign-conversion]
                CLEAR_BIT(*(volatile uint32 *)((volatile uint8 *)LocBaseAdd + GPT_GPTMCTL_REG_OFFSET),BIT8);
                ^~~~~~~~~~~~~~~~~~~~~~~~~~~~~~~~~~~~~~~~~~~~~~~~~~~~~~~~~~~~~~~~~~~~~~~~~~~~~~~~~~~~~~~~~~~
./LIBRARIES\Common_Macros.h(20): note: expanded from macro 'CLEAR_BIT'
#define CLEAR_BIT(REG,BIT) (REG&=(~(1<<BIT)))
                               ~~ ^~~~~~~~~
GPT.c(68): warning: no previous extern declaration for non-static variable 'LocChannelId' [-Wmissing-variable-declarations]
Gpt_ChannelType LocChannelId;
                ^
GPT.c(68): note: declare 'static' if the variable is not intended to be used outside of this translation unit
Gpt_ChannelType LocChannelId;
^
GPT.c(69): warning: no previous extern declaration for non-static variable 'LocFrequency' [-Wmissing-variable-declarations]
Gpt_Frequency           LocFrequency;
                        ^
GPT.c(69): note: declare 'static' if the variable is not intended to be used outside of this translation unit
Gpt_Frequency           LocFrequency;
^
GPT.c(70): warning: no previous extern declaration for non-static variable 'LocTicks' [-Wmissing-variable-declarations]
Gpt_ValueType   LocTicks                ;
                ^
GPT.c(70): note: declare 'static' if the variable is not intended to be used outside of this translation unit
Gpt_ValueType   LocTicks                ;
^
GPT.c(71): warning: no previous extern declaration for non-static variable 'LocMode' [-Wmissing-variable-declarations]
Gpt_Mode                                LocMode                 ;
                                        ^
GPT.c(71): note: declare 'static' if the variable is not intended to be used outside of this translation unit
Gpt_Mode                                LocMode                 ;
^
GPT.c(72): warning: no previous extern declaration for non-static variable 'LocBaseAdd' [-Wmissing-variable-declarations]
uint32                                  LocBaseAdd      ;
                                        ^
GPT.c(72): note: declare 'static' if the variable is not intended to be used outside of this translation unit
uint32                                  LocBaseAdd      ;
^
GPT.c(73): warning: no previous extern declaration for non-static variable 'LocTimerAB' [-Wmissing-variable-declarations]
uint8                                   LocTimerAB      ;
                                        ^
GPT.c(73): note: declare 'static' if the variable is not intended to be used outside of this translation unit
uint8                                   LocTimerAB      ;
^
GPT.c(74): warning: no previous extern declaration for non-static variable 'LocTimerType' [-Wmissing-variable-declarations]
uint8                                           LocTimerType;
                                                ^
GPT.c(74): note: declare 'static' if the variable is not intended to be used outside of this translation unit
uint8                                           LocTimerType;
^
116 warnings generated.
compiling GPT.c...
linking...
Program Size: Code=5710 RO-data=1034 RW-data=0 ZI-data=760  
".\Objects\Blinking_LED.axf" - 0 Error(s), 116 Warning(s).

<h2>Software Packages used:</h2>

Package Vendor: ARM
                http://www.keil.com/pack/ARM.CMSIS.5.9.0.pack
                ARM.CMSIS.5.9.0
                CMSIS (Common Microcontroller Software Interface Standard)
   * Component: CORE Version: 5.6.0

Package Vendor: Keil
                http://www.keil.com/pack/Keil.TM4C_DFP.1.1.0.pack
                Keil.TM4C_DFP.1.1.0
                Texas Instruments Tiva C Series Device Support and Examples
   * Component: Startup Version: 1.0.1

<h2>Collection of Component include folders:</h2>
  ./RTE/_Target_1
  C:/Users/Youssef/AppData/Local/Arm/Packs/ARM/CMSIS/5.9.0/CMSIS/Core/Include
  C:/Users/Youssef/AppData/Local/Arm/Packs/Keil/TM4C_DFP/1.1.0/Device/Include/TM4C123

<h2>Collection of Component Files used:</h2>

   * Component: ARM::CMSIS:CORE:5.6.0

   * Component: Keil::Device:Startup:1.0.1
      Source file:   Device/Source/system_TM4C123.c
      Include file:  Device/Include/TM4C123/TM4C123.h
      Source file:   Device/Source/ARM/startup_TM4C123.s
Build Time Elapsed:  00:00:01
</pre>
</body>
</html>
